Component: ARM Compiler 5.06 update 6 (build 750) Tool: armlink [4d35ed]

==============================================================================

Section Cross References

    startup_stm32f407xx.o(STACK) refers (Special) to heapauxi.o(.text) for __use_two_region_memory
    startup_stm32f407xx.o(HEAP) refers (Special) to heapauxi.o(.text) for __use_two_region_memory
    startup_stm32f407xx.o(RESET) refers (Special) to heapauxi.o(.text) for __use_two_region_memory
    startup_stm32f407xx.o(RESET) refers to startup_stm32f407xx.o(STACK) for __initial_sp
    startup_stm32f407xx.o(RESET) refers to startup_stm32f407xx.o(.text) for Reset_Handler
    startup_stm32f407xx.o(RESET) refers to stm32f4xx_it.o(i.NMI_Handler) for NMI_Handler
    startup_stm32f407xx.o(RESET) refers to stm32f4xx_it.o(i.HardFault_Handler) for HardFault_Handler
    startup_stm32f407xx.o(RESET) refers to stm32f4xx_it.o(i.MemManage_Handler) for MemManage_Handler
    startup_stm32f407xx.o(RESET) refers to stm32f4xx_it.o(i.BusFault_Handler) for BusFault_Handler
    startup_stm32f407xx.o(RESET) refers to stm32f4xx_it.o(i.UsageFault_Handler) for UsageFault_Handler
    startup_stm32f407xx.o(RESET) refers to hal_cm4.o(.emb_text) for SVC_Handler
    startup_stm32f407xx.o(RESET) refers to stm32f4xx_it.o(i.DebugMon_Handler) for DebugMon_Handler
    startup_stm32f407xx.o(RESET) refers to stm32f4xx_it.o(i.SPI1_IRQHandler) for SPI1_IRQHandler
    startup_stm32f407xx.o(RESET) refers to stm32f4xx_it.o(i.SPI2_IRQHandler) for SPI2_IRQHandler
    startup_stm32f407xx.o(RESET) refers to stm32f4xx_it.o(i.USART1_IRQHandler) for USART1_IRQHandler
    startup_stm32f407xx.o(RESET) refers to stm32f4xx_it.o(i.RTC_Alarm_IRQHandler) for RTC_Alarm_IRQHandler
    startup_stm32f407xx.o(RESET) refers to mci_stm32f4xx.o(i.SDIO_IRQHandler) for SDIO_IRQHandler
    startup_stm32f407xx.o(RESET) refers to stm32f4xx_it.o(i.DMA2_Stream1_IRQHandler) for DMA2_Stream1_IRQHandler
    startup_stm32f407xx.o(RESET) refers to stm32f4xx_it.o(i.DMA2_Stream2_IRQHandler) for DMA2_Stream2_IRQHandler
    startup_stm32f407xx.o(RESET) refers to mci_stm32f4xx.o(i.DMA2_Stream3_IRQHandler) for DMA2_Stream3_IRQHandler
    startup_stm32f407xx.o(RESET) refers to emac_stm32f4xx.o(i.ETH_IRQHandler) for ETH_IRQHandler
    startup_stm32f407xx.o(RESET) refers to stm32f4xx_it.o(i.OTG_FS_IRQHandler) for OTG_FS_IRQHandler
    startup_stm32f407xx.o(RESET) refers to mci_stm32f4xx.o(i.DMA2_Stream6_IRQHandler) for DMA2_Stream6_IRQHandler
    startup_stm32f407xx.o(RESET) refers to stm32f4xx_it.o(i.DMA2_Stream7_IRQHandler) for DMA2_Stream7_IRQHandler
    startup_stm32f407xx.o(RESET) refers to stm32f4xx_it.o(i.USART6_IRQHandler) for USART6_IRQHandler
    startup_stm32f407xx.o(RESET) refers to stm32f4xx_it.o(i.OTG_HS_EP1_OUT_IRQHandler) for OTG_HS_EP1_OUT_IRQHandler
    startup_stm32f407xx.o(RESET) refers to stm32f4xx_it.o(i.OTG_HS_EP1_IN_IRQHandler) for OTG_HS_EP1_IN_IRQHandler
    startup_stm32f407xx.o(RESET) refers to stm32f4xx_it.o(i.OTG_HS_IRQHandler) for OTG_HS_IRQHandler
    startup_stm32f407xx.o(.text) refers (Special) to heapauxi.o(.text) for __use_two_region_memory
    startup_stm32f407xx.o(.text) refers to system_stm32f4xx_1.o(i.SystemInit) for SystemInit
    startup_stm32f407xx.o(.text) refers to __main.o(!!!main) for __main
    startup_stm32f407xx.o(.text) refers to startup_stm32f407xx.o(HEAP) for Heap_Mem
    startup_stm32f407xx.o(.text) refers to startup_stm32f407xx.o(STACK) for Stack_Mem
    main.o(i.HAL_SPI_TxCpltCallback) refers to stm32f4xx_hal_gpio_1.o(i.HAL_GPIO_WritePin) for HAL_GPIO_WritePin
    main.o(i.HAL_SPI_TxCpltCallback) refers to main.o(.data) for spitxcount
    main.o(i.SystemClock_Config) refers to rt_memclr_w.o(.text) for __aeabi_memclr4
    main.o(i.SystemClock_Config) refers to stm32f4xx_hal_rcc_1.o(i.HAL_RCC_OscConfig) for HAL_RCC_OscConfig
    main.o(i.SystemClock_Config) refers to main.o(i.Error_Handler) for Error_Handler
    main.o(i.SystemClock_Config) refers to stm32f4xx_hal_rcc_1.o(i.HAL_RCC_ClockConfig) for HAL_RCC_ClockConfig
    main.o(i.SystemClock_Config) refers to stm32f4xx_hal_rcc_ex_1.o(i.HAL_RCCEx_PeriphCLKConfig) for HAL_RCCEx_PeriphCLKConfig
    main.o(i.main) refers to stm32f4xx_hal_1.o(i.HAL_Init) for HAL_Init
    main.o(i.main) refers to main.o(i.SystemClock_Config) for SystemClock_Config
    main.o(i.main) refers to rt_cmsis.o(i.osKernelInitialize) for osKernelInitialize
    main.o(i.main) refers to net_sys.o(i.netInitialize) for netInitialize
    main.o(i.main) refers to gpio.o(i.MX_GPIO_Init) for MX_GPIO_Init
    main.o(i.main) refers to dma.o(i.MX_DMA_Init) for MX_DMA_Init
    main.o(i.main) refers to spi.o(i.MX_SPI1_Init) for MX_SPI1_Init
    main.o(i.main) refers to usart.o(i.MX_USART1_UART_Init) for MX_USART1_UART_Init
    main.o(i.main) refers to crc.o(i.MX_CRC_Init) for MX_CRC_Init
    main.o(i.main) refers to rtc.o(i.MX_RTC_Init) for MX_RTC_Init
    main.o(i.main) refers to spi.o(i.MX_SPI2_Init) for MX_SPI2_Init
[...]
    0x0800342e   0x0800342e   0x00000002   PAD
    0x08003430   0x08003430   0x0000003c   Code   RO         3765    i.HAL_Init          stm32f4xx_hal_1.o
    0x0800346c   0x0800346c   0x0000004c   Code   RO         3766    i.HAL_InitTick      stm32f4xx_hal_1.o
    0x080034b8   0x080034b8   0x00000048   Code   RO          685    i.HAL_MspInit       stm32f4xx_hal_msp.o
    0x08003500   0x08003500   0x00000024   Code   RO         3608    i.HAL_NVIC_ClearPendingIRQ  stm32f4xx_hal_cortex_1.o
    0x08003524   0x08003524   0x00000044   Code   RO         3609    i.HAL_NVIC_DisableIRQ  stm32f4xx_hal_cortex_1.o
    0x08003568   0x08003568   0x00000020   Code   RO         3610    i.HAL_NVIC_EnableIRQ  stm32f4xx_hal_cortex_1.o
    0x08003588   0x08003588   0x0000007c   Code   RO         3616    i.HAL_NVIC_SetPriority  stm32f4xx_hal_cortex_1.o
    0x08003604   0x08003604   0x00000028   Code   RO         3617    i.HAL_NVIC_SetPriorityGrouping  stm32f4xx_hal_cortex_1.o
    0x0800362c   0x0800362c   0x00000002   Code   RO         1329    i.HAL_PCDEx_LPM_Callback  stm32f4xx_hal_pcd_ex.o
    0x0800362e   0x0800362e   0x0000000e   Code   RO          908    i.HAL_PCD_ConnectCallback  usbd_conf.o
    0x0800363c   0x0800363c   0x00000020   Code   RO          909    i.HAL_PCD_DataInStageCallback  usbd_conf.o
    0x0800365c   0x0800365c   0x00000020   Code   RO          910    i.HAL_PCD_DataOutStageCallback  usbd_conf.o
    0x0800367c   0x0800367c   0x0000000e   Code   RO          911    i.HAL_PCD_DisconnectCallback  usbd_conf.o
    0x0800368a   0x0800368a   0x0000007c   Code   RO         1113    i.HAL_PCD_EP_ClrStall  stm32f4xx_hal_pcd.o
    0x08003706   0x08003706   0x0000008c   Code   RO         1116    i.HAL_PCD_EP_Open   stm32f4xx_hal_pcd.o
    0x08003792   0x08003792   0x00000058   Code   RO         1117    i.HAL_PCD_EP_Receive  stm32f4xx_hal_pcd.o
    0x080037ea   0x080037ea   0x0000008a   Code   RO         1118    i.HAL_PCD_EP_SetStall  stm32f4xx_hal_pcd.o
    0x08003874   0x08003874   0x0000005a   Code   RO         1119    i.HAL_PCD_EP_Transmit  stm32f4xx_hal_pcd.o
    0x080038ce   0x080038ce   0x0000053e   Code   RO         1121    i.HAL_PCD_IRQHandler  stm32f4xx_hal_pcd.o
    0x08003e0c   0x08003e0c   0x00000012   Code   RO          912    i.HAL_PCD_ISOINIncompleteCallback  usbd_conf.o
    0x08003e1e   0x08003e1e   0x00000012   Code   RO          913    i.HAL_PCD_ISOOUTIncompleteCallback  usbd_conf.o
    0x08003e30   0x08003e30   0x00000030   Code   RO          916    i.HAL_PCD_ResetCallback  usbd_conf.o
    0x08003e60   0x08003e60   0x0000000e   Code   RO          917    i.HAL_PCD_ResumeCallback  usbd_conf.o
    0x08003e6e   0x08003e6e   0x0000000e   Code   RO          918    i.HAL_PCD_SOFCallback  usbd_conf.o
    0x08003e7c   0x08003e7c   0x00000036   Code   RO         1130    i.HAL_PCD_SetAddress  stm32f4xx_hal_pcd.o
    0x08003eb2   0x08003eb2   0x00000012   Code   RO          919    i.HAL_PCD_SetupStageCallback  usbd_conf.o
    0x08003ec4   0x08003ec4   0x00000034   Code   RO          920    i.HAL_PCD_SuspendCallback  usbd_conf.o
    0x08003ef8   0x08003ef8   0x000001a0   Code   RO         2927    i.HAL_RCCEx_PeriphCLKConfig  stm32f4xx_hal_rcc_ex_1.o
    0x08004098   0x08004098   0x00000184   Code   RO         2822    i.HAL_RCC_ClockConfig  stm32f4xx_hal_rcc_1.o
    0x0800421c   0x0800421c   0x0000000c   Code   RO         2827    i.HAL_RCC_GetHCLKFreq  stm32f4xx_hal_rcc_1.o
    0x08004228   0x08004228   0x00000020   Code   RO         2829    i.HAL_RCC_GetPCLK1Freq  stm32f4xx_hal_rcc_1.o
    0x08004248   0x08004248   0x00000020   Code   RO         2830    i.HAL_RCC_GetPCLK2Freq  stm32f4xx_hal_rcc_1.o
    0x08004268   0x08004268   0x000000b0   Code   RO         2831    i.HAL_RCC_GetSysClockFreq  stm32f4xx_hal_rcc_1.o
    0x08004318   0x08004318   0x00000488   Code   RO         2834    i.HAL_RCC_OscConfig  stm32f4xx_hal_rcc_1.o
    0x080047a0   0x080047a0   0x00000002   Code   RO         1904    i.HAL_RTCEx_AlarmBEventCallback  stm32f4xx_hal_rtc_ex.o
    0x080047a2   0x080047a2   0x00000002   Code   RO         1766    i.HAL_RTC_AlarmAEventCallback  stm32f4xx_hal_rtc.o
    0x080047a4   0x080047a4   0x0000006c   Code   RO         1767    i.HAL_RTC_AlarmIRQHandler  stm32f4xx_hal_rtc.o
    0x08004810   0x08004810   0x0000004c   Code   RO         1771    i.HAL_RTC_GetDate   stm32f4xx_hal_rtc.o
    0x0800485c   0x0800485c   0x00000060   Code   RO         1773    i.HAL_RTC_GetTime   stm32f4xx_hal_rtc.o
    0x080048bc   0x080048bc   0x000000d8   Code   RO         1774    i.HAL_RTC_Init      stm32f4xx_hal_rtc.o
    0x08004994   0x08004994   0x0000002c   Code   RO          388    i.HAL_RTC_MspInit   rtc.o
    0x080049c0   0x080049c0   0x00000208   Code   RO         1779    i.HAL_RTC_SetAlarm_IT  stm32f4xx_hal_rtc.o
    0x08004bc8   0x08004bc8   0x00000104   Code   RO         1780    i.HAL_RTC_SetDate   stm32f4xx_hal_rtc.o
    0x08004ccc   0x08004ccc   0x0000012c   Code   RO         1781    i.HAL_RTC_SetTime   stm32f4xx_hal_rtc.o
    0x08004df8   0x08004df8   0x0000003a   Code   RO         1782    i.HAL_RTC_WaitForSynchro  stm32f4xx_hal_rtc.o
    0x08004e32   0x08004e32   0x00000002   Code   RO         2139    i.HAL_SPI_ErrorCallback  stm32f4xx_hal_spi.o
    0x08004e34   0x08004e34   0x0000015c   Code   RO         2142    i.HAL_SPI_IRQHandler  stm32f4xx_hal_spi.o
    0x08004f90   0x08004f90   0x0000008c   Code   RO         2143    i.HAL_SPI_Init      stm32f4xx_hal_spi.o
    0x0800501c   0x0800501c   0x00000198   Code   RO          430    i.HAL_SPI_MspInit   spi.o
    0x080051b4   0x080051b4   0x000000a8   Code   RO         2156    i.HAL_SPI_Transmit_IT  stm32f4xx_hal_spi.o
    0x0800525c   0x0800525c   0x00000038   Code   RO           14    i.HAL_SPI_TxCpltCallback  main.o
    0x08005294   0x08005294   0x00000034   Code   RO         3621    i.HAL_SYSTICK_Config  stm32f4xx_hal_cortex_1.o
    0x080052c8   0x080052c8   0x00000002   Code   RO         2511    i.HAL_UART_ErrorCallback  stm32f4xx_hal_uart.o
    0x080052ca   0x080052ca   0x00000002   PAD
    0x080052cc   0x080052cc   0x00000154   Code   RO         2514    i.HAL_UART_IRQHandler  stm32f4xx_hal_uart.o
    0x08005420   0x08005420   0x00000072   Code   RO         2515    i.HAL_UART_Init     stm32f4xx_hal_uart.o
    0x08005492   0x08005492   0x00000002   PAD
    0x08005494   0x08005494   0x00000220   Code   RO          478    i.HAL_UART_MspInit  usart.o
    0x080056b4   0x080056b4   0x00000002   Code   RO         2521    i.HAL_UART_RxCpltCallback  stm32f4xx_hal_uart.o
    0x080056b6   0x080056b6   0x00000002   Code   RO         2526    i.HAL_UART_TxCpltCallback  stm32f4xx_hal_uart.o
    0x080056b8   0x080056b8   0x00000004   Code   RO          560    i.HardFault_Handler  stm32f4xx_it.o
    0x080056bc   0x080056bc   0x00000030   Code   RO         4969    i.ITM_SendChar      retarget_io.o
    0x080056ec   0x080056ec   0x00000030   Code   RO         4496    i.Initialize        phy_lan8720.o
    0x0800571c   0x0800571c   0x00000078   Code   RO         4568    i.Initialize        emac_stm32f4xx.o
    0x08005794   0x08005794   0x0000017c   Code   RO         4727    i.Initialize        mci_stm32f4xx.o
    0x08005910   0x08005910   0x0000000c   Code   RO         5064    i.MC0_MCI_SignalEvent  fs_config.o
    0x0800591c   0x0800591c   0x00000020   Code   RO          293    i.MX_CRC_Init       crc.o
    0x0800593c   0x0800593c   0x00000068   Code   RO          333    i.MX_DMA_Init       dma.o
    0x080059a4   0x080059a4   0x000001fc   Code   RO          267    i.MX_GPIO_Init      gpio.o
    0x08005ba0   0x08005ba0   0x000000c0   Code   RO          389    i.MX_RTC_Init       rtc.o
    0x08005c60   0x08005c60   0x00000044   Code   RO          431    i.MX_SPI1_Init      spi.o
    0x08005ca4   0x08005ca4   0x00000044   Code   RO          432    i.MX_SPI2_Init      spi.o
    0x08005ce8   0x08005ce8   0x00000038   Code   RO          479    i.MX_USART1_UART_Init  usart.o
    0x08005d20   0x08005d20   0x00000038   Code   RO          480    i.MX_USART6_UART_Init  usart.o
    0x08005d58   0x08005d58   0x00000004   Code   RO          561    i.MemManage_Handler  stm32f4xx_it.o
    0x08005d5c   0x08005d5c   0x00000002   Code   RO          562    i.NMI_Handler       stm32f4xx_it.o
    0x08005d5e   0x08005d5e   0x00000002   PAD
    0x08005d60   0x08005d60   0x00000010   Code   RO          563    i.OTG_FS_IRQHandler  stm32f4xx_it.o
    0x08005d70   0x08005d70   0x00000010   Code   RO          564    i.OTG_HS_EP1_IN_IRQHandler  stm32f4xx_it.o
    0x08005d80   0x08005d80   0x00000010   Code   RO          565    i.OTG_HS_EP1_OUT_IRQHandler  stm32f4xx_it.o
    0x08005d90   0x08005d90   0x00000010   Code   RO          566    i.OTG_HS_IRQHandler  stm32f4xx_it.o
    0x08005da0   0x08005da0   0x0000008c   Code   RO         1135    i.PCD_EP_OutSetupPacket_int  stm32f4xx_hal_pcd.o
    0x08005e2c   0x08005e2c   0x00000180   Code   RO         1136    i.PCD_EP_OutXfrComplete_int  stm32f4xx_hal_pcd.o
    0x08005fac   0x08005fac   0x000000b6   Code   RO         1137    i.PCD_WriteEmptyTxFifo  stm32f4xx_hal_pcd.o
    0x08006062   0x08006062   0x00000002   PAD
    0x08006064   0x08006064   0x00000078   Code   RO         4569    i.PHY_Read          emac_stm32f4xx.o
    0x080060dc   0x080060dc   0x00000074   Code   RO         4570    i.PHY_Write         emac_stm32f4xx.o
    0x08006150   0x08006150   0x000000d4   Code   RO         4497    i.PowerControl      phy_lan8720.o
    0x08006224   0x08006224   0x000002d4   Code   RO         4571    i.PowerControl      emac_stm32f4xx.o
    0x080064f8   0x080064f8   0x000001a4   Code   RO         4728    i.PowerControl      mci_stm32f4xx.o
    0x0800669c   0x0800669c   0x00000010   Code   RO          567    i.RTC_Alarm_IRQHandler  stm32f4xx_it.o
    0x080066ac   0x080066ac   0x00000016   Code   RO         1783    i.RTC_Bcd2ToByte    stm32f4xx_hal_rtc.o
    0x080066c2   0x080066c2   0x0000001a   Code   RO         1784    i.RTC_ByteToBcd2    stm32f4xx_hal_rtc.o
    0x080066dc   0x080066dc   0x0000003e   Code   RO         1785    i.RTC_EnterInitMode  stm32f4xx_hal_rtc.o
    0x0800671a   0x0800671a   0x00000002   PAD
    0x0800671c   0x0800671c   0x00000024   Code   RO         4729    i.RX_DMA_Complete   mci_stm32f4xx.o
    0x08006740   0x08006740   0x00000018   Code   RO         4730    i.ReadCD            mci_stm32f4xx.o
    0x08006758   0x08006758   0x000000a0   Code   RO         4572    i.ReadFrame         emac_stm32f4xx.o
    0x080067f8   0x080067f8   0x00000018   Code   RO         4731    i.ReadWP            mci_stm32f4xx.o
    0x08006810   0x08006810   0x0000028c   Code   RO         4732    i.SDIO_IRQHandler   mci_stm32f4xx.o
    0x08006a9c   0x08006a9c   0x00000010   Code   RO          568    i.SPI1_IRQHandler   stm32f4xx_it.o
    0x08006aac   0x08006aac   0x00000010   Code   RO          569    i.SPI2_IRQHandler   stm32f4xx_it.o
    0x08006abc   0x08006abc   0x000000a0   Code   RO         2169    i.SPI_CloseTx_ISR   stm32f4xx_hal_spi.o
    0x08006b5c   0x08006b5c   0x00000014   Code   RO         2170    i.SPI_DMAAbortOnError  stm32f4xx_hal_spi.o
    0x08006b70   0x08006b70   0x0000006c   Code   RO         2181    i.SPI_EndRxTxTransaction  stm32f4xx_hal_spi.o
    0x08006bdc   0x08006bdc   0x00000024   Code   RO         2184    i.SPI_TxISR_16BIT   stm32f4xx_hal_spi.o
    0x08006c00   0x08006c00   0x00000024   Code   RO         2185    i.SPI_TxISR_8BIT    stm32f4xx_hal_spi.o
    0x08006c24   0x08006c24   0x000000a8   Code   RO         2186    i.SPI_WaitFlagStateUntilTimeout  stm32f4xx_hal_spi.o
    0x08006ccc   0x08006ccc   0x00000160   Code   RO         4733    i.SendCommand       mci_stm32f4xx.o
    0x08006e2c   0x08006e2c   0x00000148   Code   RO         4573    i.SendFrame         emac_stm32f4xx.o
    0x08006f74   0x08006f74   0x0000013c   Code   RO         4574    i.SetAddressFilter  emac_stm32f4xx.o
    0x080070b0   0x080070b0   0x0000002c   Code   RO         4498    i.SetInterface      phy_lan8720.o
    0x080070dc   0x080070dc   0x0000004c   Code   RO         4575    i.SetMacAddress     emac_stm32f4xx.o
    0x08007128   0x08007128   0x00000080   Code   RO         4499    i.SetMode           phy_lan8720.o
    0x080071a8   0x080071a8   0x00000118   Code   RO         4734    i.SetupTransfer     mci_stm32f4xx.o
    0x080072c0   0x080072c0   0x000000d8   Code   RO           15    i.SystemClock_Config  main.o
    0x08007398   0x08007398   0x0000001c   Code   RO         4004    i.SystemInit        system_stm32f4xx_1.o
    0x080073b4   0x080073b4   0x00000014   Code   RO         2528    i.UART_DMAAbortOnError  stm32f4xx_hal_uart.o
    0x080073c8   0x080073c8   0x00000020   Code   RO         2538    i.UART_EndRxTransfer  stm32f4xx_hal_uart.o
    0x080073e8   0x080073e8   0x00000020   Code   RO         2539    i.UART_EndTransmit_IT  stm32f4xx_hal_uart.o
    0x08007408   0x08007408   0x000000a6   Code   RO         2541    i.UART_Receive_IT   stm32f4xx_hal_uart.o
    0x080074ae   0x080074ae   0x00000002   PAD
    0x080074b0   0x080074b0   0x000003e8   Code   RO         2542    i.UART_SetConfig    stm32f4xx_hal_uart.o
    0x08007898   0x08007898   0x00000068   Code   RO         2543    i.UART_Transmit_IT  stm32f4xx_hal_uart.o
    0x08007900   0x08007900   0x00000010   Code   RO          570    i.USART1_IRQHandler  stm32f4xx_it.o
    0x08007910   0x08007910   0x00000010   Code   RO          571    i.USART6_IRQHandler  stm32f4xx_it.o
    0x08007920   0x08007920   0x00000016   Code   RO         4040    i.USBD_ClrClassConfig  usbd_core.o
    0x08007936   0x08007936   0x0000003e   Code   RO         4178    i.USBD_ClrFeature   usbd_ctlreq.o
    0x08007974   0x08007974   0x00000018   Code   RO         4273    i.USBD_CtlContinueRx  usbd_ioreq.o
    0x0800798c   0x0800798c   0x00000018   Code   RO         4274    i.USBD_CtlContinueSendData  usbd_ioreq.o
    0x080079a4   0x080079a4   0x00000018   Code   RO         4179    i.USBD_CtlError     usbd_ctlreq.o
    0x080079bc   0x080079bc   0x0000001a   Code   RO         4276    i.USBD_CtlReceiveStatus  usbd_ioreq.o
    0x080079d6   0x080079d6   0x00000022   Code   RO         4277    i.USBD_CtlSendData  usbd_ioreq.o
    0x080079f8   0x080079f8   0x0000001a   Code   RO         4278    i.USBD_CtlSendStatus  usbd_ioreq.o
    0x08007a12   0x08007a12   0x00000056   Code   RO         4180    i.USBD_GetConfig    usbd_ctlreq.o
    0x08007a68   0x08007a68   0x00000152   Code   RO         4181    i.USBD_GetDescriptor  usbd_ctlreq.o
    0x08007bba   0x08007bba   0x0000005a   Code   RO         4183    i.USBD_GetStatus    usbd_ctlreq.o
    0x08007c14   0x08007c14   0x0000002c   Code   RO          921    i.USBD_Get_USB_Status  usbd_conf.o
    0x08007c40   0x08007c40   0x00000026   Code   RO          922    i.USBD_LL_ClearStallEP  usbd_conf.o
    0x08007c66   0x08007c66   0x00000100   Code   RO         4043    i.USBD_LL_DataInStage  usbd_core.o
    0x08007d66   0x08007d66   0x000000a6   Code   RO         4044    i.USBD_LL_DataOutStage  usbd_core.o
    0x08007e0c   0x08007e0c   0x00000006   Code   RO         4045    i.USBD_LL_DevConnected  usbd_core.o
    0x08007e12   0x08007e12   0x0000001a   Code   RO         4046    i.USBD_LL_DevDisconnected  usbd_core.o
    0x08007e2c   0x08007e2c   0x00000038   Code   RO          929    i.USBD_LL_IsStallEP  usbd_conf.o
    0x08007e64   0x08007e64   0x00000006   Code   RO         4047    i.USBD_LL_IsoINIncomplete  usbd_core.o
    0x08007e6a   0x08007e6a   0x00000006   Code   RO         4048    i.USBD_LL_IsoOUTIncomplete  usbd_core.o
    0x08007e70   0x08007e70   0x00000030   Code   RO          930    i.USBD_LL_OpenEP    usbd_conf.o
    0x08007ea0   0x08007ea0   0x00000030   Code   RO          931    i.USBD_LL_PrepareReceive  usbd_conf.o
    0x08007ed0   0x08007ed0   0x0000005c   Code   RO         4049    i.USBD_LL_Reset     usbd_core.o
    0x08007f2c   0x08007f2c   0x0000000e   Code   RO         4050    i.USBD_LL_Resume    usbd_core.o
    0x08007f3a   0x08007f3a   0x00000022   Code   RO         4051    i.USBD_LL_SOF       usbd_core.o
    0x08007f5c   0x08007f5c   0x00000008   Code   RO         4052    i.USBD_LL_SetSpeed  usbd_core.o
    0x08007f64   0x08007f64   0x00000026   Code   RO          932    i.USBD_LL_SetUSBAddress  usbd_conf.o
    0x08007f8a   0x08007f8a   0x0000006e   Code   RO         4053    i.USBD_LL_SetupStage  usbd_core.o
    0x08007ff8   0x08007ff8   0x00000026   Code   RO          933    i.USBD_LL_StallEP   usbd_conf.o
    0x0800801e   0x0800801e   0x00000014   Code   RO         4054    i.USBD_LL_Suspend   usbd_core.o
    0x08008032   0x08008032   0x00000030   Code   RO          936    i.USBD_LL_Transmit  usbd_conf.o
    0x08008062   0x08008062   0x00000028   Code   RO         4185    i.USBD_ParseSetupRequest  usbd_ctlreq.o
    0x0800808a   0x0800808a   0x00000006   Code   RO         4056    i.USBD_RunTestMode  usbd_core.o
    0x08008090   0x08008090   0x0000005a   Code   RO         4186    i.USBD_SetAddress   usbd_ctlreq.o
    0x080080ea   0x080080ea   0x00000022   Code   RO         4057    i.USBD_SetClassConfig  usbd_core.o
    0x0800810c   0x0800810c   0x000000e8   Code   RO         4187    i.USBD_SetConfig    usbd_ctlreq.o
    0x080081f4   0x080081f4   0x00000018   Code   RO         4188    i.USBD_SetFeature   usbd_ctlreq.o
    0x0800820c   0x0800820c   0x000000a2   Code   RO         4189    i.USBD_StdDevReq    usbd_ctlreq.o
    0x080082ae   0x080082ae   0x00000238   Code   RO         4190    i.USBD_StdEPReq     usbd_ctlreq.o
    0x080084e6   0x080084e6   0x0000007e   Code   RO         4191    i.USBD_StdItfReq    usbd_ctlreq.o
    0x08008564   0x08008564   0x000000d0   Code   RO         1371    i.USB_ActivateEndpoint  stm32f4xx_ll_usb.o
    0x08008634   0x08008634   0x00000046   Code   RO         1373    i.USB_ActivateSetup  stm32f4xx_ll_usb.o
    0x0800867a   0x0800867a   0x00000002   PAD
    0x0800867c   0x0800867c   0x000001d8   Code   RO         1386    i.USB_EP0StartXfer  stm32f4xx_ll_usb.o
    0x08008854   0x08008854   0x00000070   Code   RO         1387    i.USB_EP0_OutStart  stm32f4xx_ll_usb.o
    0x080088c4   0x080088c4   0x0000008e   Code   RO         1388    i.USB_EPClearStall  stm32f4xx_ll_usb.o
    0x08008952   0x08008952   0x0000009a   Code   RO         1389    i.USB_EPSetStall    stm32f4xx_ll_usb.o
    0x080089ec   0x080089ec   0x00000344   Code   RO         1390    i.USB_EPStartXfer   stm32f4xx_ll_usb.o
    0x08008d30   0x08008d30   0x00000030   Code   RO         1393    i.USB_FlushTxFifo   stm32f4xx_ll_usb.o
    0x08008d60   0x08008d60   0x00000026   Code   RO         1395    i.USB_GetDevSpeed   stm32f4xx_ll_usb.o
    0x08008d86   0x08008d86   0x0000000a   Code   RO         1397    i.USB_GetMode       stm32f4xx_ll_usb.o
    0x08008d90   0x08008d90   0x00000014   Code   RO         1404    i.USB_ReadDevAllInEpInterrupt  stm32f4xx_ll_usb.o
    0x08008da4   0x08008da4   0x00000014   Code   RO         1405    i.USB_ReadDevAllOutEpInterrupt  stm32f4xx_ll_usb.o
    0x08008db8   0x08008db8   0x00000032   Code   RO         1406    i.USB_ReadDevInEPInterrupt  stm32f4xx_ll_usb.o
    0x08008dea   0x08008dea   0x0000001a   Code   RO         1407    i.USB_ReadDevOutEPInterrupt  stm32f4xx_ll_usb.o
    0x08008e04   0x08008e04   0x0000000a   Code   RO         1408    i.USB_ReadInterrupts  stm32f4xx_ll_usb.o
    0x08008e0e   0x08008e0e   0x00000022   Code   RO         1409    i.USB_ReadPacket    stm32f4xx_ll_usb.o
    0x08008e30   0x08008e30   0x0000002a   Code   RO         1412    i.USB_SetDevAddress  stm32f4xx_ll_usb.o
    0x08008e5a   0x08008e5a   0x00000002   PAD
    0x08008e5c   0x08008e5c   0x000000e8   Code   RO         1414    i.USB_SetTurnaroundTime  stm32f4xx_ll_usb.o
    0x08008f44   0x08008f44   0x0000003c   Code   RO         1417    i.USB_WritePacket   stm32f4xx_ll_usb.o
    0x08008f80   0x08008f80   0x00000014   Code   RO         4500    i.Uninitialize      phy_lan8720.o
    0x08008f94   0x08008f94   0x00000030   Code   RO         4576    i.Uninitialize      emac_stm32f4xx.o
    0x08008fc4   0x08008fc4   0x00000034   Code   RO         4735    i.Uninitialize      mci_stm32f4xx.o
    0x08008ff8   0x08008ff8   0x00000004   Code   RO          572    i.UsageFault_Handler  stm32f4xx_it.o
    0x08008ffc   0x08008ffc   0x00000010   Code   RO         3623    i.__NVIC_GetPriorityGrouping  stm32f4xx_hal_cortex_1.o
    0x0800900c   0x0800900c   0x00000028   Code   RO         3624    i.__NVIC_SetPriority  stm32f4xx_hal_cortex_1.o
    0x08009034   0x08009034   0x00000074   Code   RO         6478    i.__sys_close       FS_Dbg_LFN_CM3_L.lib(fs_sys.o)
    0x080090a8   0x080090a8   0x00000074   Code   RO         6480    i.__sys_flen        FS_Dbg_LFN_CM3_L.lib(fs_sys.o)
    0x0800911c   0x0800911c   0x000000b0   Code   RO         6481    i.__sys_open        FS_Dbg_LFN_CM3_L.lib(fs_sys.o)
    0x080091cc   0x080091cc   0x00000088   Code   RO         6483    i.__sys_seek        FS_Dbg_LFN_CM3_L.lib(fs_sys.o)
    0x08009254   0x08009254   0x00000088   Code   RO         6484    i.__sys_write       FS_Dbg_LFN_CM3_L.lib(fs_sys.o)
    0x080092dc   0x080092dc   0x0000002c   Code   RO         4436    i.__user_perthread_libspace  rtx_conf_cm.o
    0x08009308   0x08009308   0x00000046   Code   RO         7194    i._init_box         RTX_CM4.lib(rt_membox.o)
    0x0800934e   0x0800934e   0x0000000e   Code   RO         7890    i._is_digit         c_w.l(__printf_wp.o)
    0x0800935c   0x0800935c   0x00000020   Code   RO         4437    i._mutex_acquire    rtx_conf_cm.o
    0x0800937c   0x0800937c   0x0000002c   Code   RO         4438    i._mutex_initialize  rtx_conf_cm.o
    0x080093a8   0x080093a8   0x0000001c   Code   RO         4439    i._mutex_release    rtx_conf_cm.o
    0x080093c4   0x080093c4   0x0000002a   Code   RO         4970    i._sys_close        retarget_io.o
    0x080093ee   0x080093ee   0x0000002a   Code   RO         4971    i._sys_flen         retarget_io.o
    0x08009418   0x08009418   0x00000024   Code   RO         4972    i._sys_istty        retarget_io.o
    0x0800943c   0x0800943c   0x0000006c   Code   RO         4973    i._sys_open         retarget_io.o
    0x080094a8   0x080094a8   0x00000034   Code   RO         4975    i._sys_seek         retarget_io.o
    0x080094dc   0x080094dc   0x0000004c   Code   RO         4976    i._sys_write        retarget_io.o
    0x08009528   0x08009528   0x00000076   Code   RO         7345    i.alloc_clus        FS_Dbg_LFN_CM3_L.lib(fs_fat.o)
    0x0800959e   0x0800959e   0x0000009a   Code   RO         7346    i.alloc_table_read  FS_Dbg_LFN_CM3_L.lib(fs_fat.o)
    0x08009638   0x08009638   0x000000dc   Code   RO         7347    i.alloc_table_write  FS_Dbg_LFN_CM3_L.lib(fs_fat.o)
    0x08009714   0x08009714   0x00000084   Code   RO         7561    i.arp_cache_alloc   Net4_CM3_L.lib(net_arp.o)
    0x08009798   0x08009798   0x00000040   Code   RO         7562    i.arp_is_cacheable  Net4_CM3_L.lib(net_arp.o)
    0x080097d8   0x080097d8   0x00000040   Code   RO         7563    i.arp_probe_run     Net4_CM3_L.lib(net_arp.o)
    0x08009818   0x08009818   0x000000bc   Code   RO         7564    i.arp_proc_response  Net4_CM3_L.lib(net_arp.o)
    0x080098d4   0x080098d4   0x0000001a   Code   RO         7565    i.arp_que_free      Net4_CM3_L.lib(net_arp.o)
    0x080098ee   0x080098ee   0x00000002   PAD
    0x080098f0   0x080098f0   0x0000008c   Code   RO         7566    i.arp_send_reply    Net4_CM3_L.lib(net_arp.o)
    0x0800997c   0x0800997c   0x000000b8   Code   RO         7567    i.arp_send_request  Net4_CM3_L.lib(net_arp.o)
    0x08009a34   0x08009a34   0x00000068   Code   RO         7568    i.arp_sender_valid  Net4_CM3_L.lib(net_arp.o)
    0x08009a9c   0x08009a9c   0x000000d0   Code   RO         7348    i.bs_read           FS_Dbg_LFN_CM3_L.lib(fs_fat.o)
    0x08009b6c   0x08009b6c   0x000000b8   Code   RO         7350    i.cache_fat         FS_Dbg_LFN_CM3_L.lib(fs_fat.o)
    0x08009c24   0x08009c24   0x00000060   Code   RO         7351    i.char_validate     FS_Dbg_LFN_CM3_L.lib(fs_fat.o)
    0x08009c84   0x08009c84   0x00000044   Code   RO         7352    i.clear_clus        FS_Dbg_LFN_CM3_L.lib(fs_fat.o)
    0x08009cc8   0x08009cc8   0x00000024   Code   RO         7353    i.clus_to_sect      FS_Dbg_LFN_CM3_L.lib(fs_fat.o)
    0x08009cec   0x08009cec   0x00000028   Code   RO         7688    i.crc32_8bit        Net4_CM3_L.lib(net_common.o)
    0x08009d14   0x08009d14   0x00000028   Code   RO         4577    i.crc32_8bit_rev    emac_stm32f4xx.o
    0x08009d3c   0x08009d3c   0x00000028   Code   RO         4578    i.crc32_data        emac_stm32f4xx.o
    0x08009d64   0x08009d64   0x000000d4   Code   RO         7354    i.create_dot_entries  FS_Dbg_LFN_CM3_L.lib(fs_fat.o)
    0x08009e38   0x08009e38   0x000000e4   Code   RO         7355    i.create_lfn_entry  FS_Dbg_LFN_CM3_L.lib(fs_fat.o)
    0x08009f1c   0x08009f1c   0x0000008a   Code   RO         7356    i.create_sfn_entry  FS_Dbg_LFN_CM3_L.lib(fs_fat.o)
    0x08009fa6   0x08009fa6   0x00000002   PAD
    0x08009fa8   0x08009fa8   0x00000030   Code   RO         7247    i.dbg_init          RTX_CM4.lib(hal_cm.o)
    0x08009fd8   0x08009fd8   0x00000020   Code   RO         7248    i.dbg_task_notify   RTX_CM4.lib(hal_cm.o)
    0x08009ff8   0x08009ff8   0x00000010   Code   RO         7249    i.dbg_task_switch   RTX_CM4.lib(hal_cm.o)
    0x0800a008   0x0800a008   0x00000004   Code   RO         5067    i.efs_close         fs_config.o
    0x0800a00c   0x0800a00c   0x00000006   Code   RO         5071    i.efs_flen          fs_config.o
    0x0800a012   0x0800a012   0x00000006   Code   RO         5075    i.efs_handle_get    fs_config.o
    0x0800a018   0x0800a018   0x00000004   Code   RO         5077    i.efs_init          fs_config.o
    0x0800a01c   0x0800a01c   0x00000004   Code   RO         5078    i.efs_mount         fs_config.o
    0x0800a020   0x0800a020   0x00000004   Code   RO         5079    i.efs_open          fs_config.o
    0x0800a024   0x0800a024   0x00000004   Code   RO         5082    i.efs_seek          fs_config.o
    0x0800a028   0x0800a028   0x00000006   Code   RO         5085    i.efs_write         fs_config.o
    0x0800a02e   0x0800a02e   0x00000004   Code   RO         5086    i.elink_cmd         fs_config.o
    0x0800a032   0x0800a032   0x00000004   Code   RO         5088    i.elink_dir         fs_config.o
    0x0800a036   0x0800a036   0x00000004   Code   RO         5089    i.elink_init        fs_config.o
    0x0800a03a   0x0800a03a   0x00000004   Code   RO         5090    i.elink_insert      fs_config.o
    0x0800a03e   0x0800a03e   0x00000004   Code   RO         5091    i.elink_scan        fs_config.o
    0x0800a042   0x0800a042   0x00000038   Code   RO         7357    i.entry_flush       FS_Dbg_LFN_CM3_L.lib(fs_fat.o)
    0x0800a07a   0x0800a07a   0x0000001c   Code   RO         7358    i.entry_pos_comp    FS_Dbg_LFN_CM3_L.lib(fs_fat.o)
    0x0800a096   0x0800a096   0x00000060   Code   RO         7359    i.entry_pos_inc     FS_Dbg_LFN_CM3_L.lib(fs_fat.o)
    0x0800a0f6   0x0800a0f6   0x00000044   Code   RO         7360    i.entry_read        FS_Dbg_LFN_CM3_L.lib(fs_fat.o)
    0x0800a13a   0x0800a13a   0x0000002e   Code   RO         7361    i.entry_type        FS_Dbg_LFN_CM3_L.lib(fs_fat.o)
    0x0800a168   0x0800a168   0x000000c4   Code   RO         6498    i.eth_check_link    Net4_CM3_L.lib(net_eth.o)
    0x0800a22c   0x0800a22c   0x0000000c   Code   RO         6499    i.eth_lock          Net4_CM3_L.lib(net_eth.o)
    0x0800a238   0x0800a238   0x0000001e   Code   RO         6500    i.eth_make_mcast4   Net4_CM3_L.lib(net_eth.o)
    0x0800a256   0x0800a256   0x0000001c   Code   RO         6501    i.eth_mtu_limit     Net4_CM3_L.lib(net_eth.o)
    0x0800a272   0x0800a272   0x00000002   PAD
    0x0800a274   0x0800a274   0x00000014   Code   RO         6502    i.eth_notify        Net4_CM3_L.lib(net_eth.o)
    0x0800a288   0x0800a288   0x0000002c   Code   RO         6503    i.eth_opt_len       Net4_CM3_L.lib(net_eth.o)
    0x0800a2b4   0x0800a2b4   0x00000088   Code   RO         6504    i.eth_receive       Net4_CM3_L.lib(net_eth.o)
    0x0800a33c   0x0800a33c   0x0000000c   Code   RO         6505    i.eth_unlock        Net4_CM3_L.lib(net_eth.o)
    0x0800a348   0x0800a348   0x00000148   Code   RO         7364    i.fat_close         FS_Dbg_LFN_CM3_L.lib(fs_fat.o)
    0x0800a490   0x0800a490   0x00000030   Code   RO         7365    i.fat_crc32         FS_Dbg_LFN_CM3_L.lib(fs_fat.o)
    0x0800a4c0   0x0800a4c0   0x00000020   Code   RO         7369    i.fat_flen          FS_Dbg_LFN_CM3_L.lib(fs_fat.o)
    0x0800a4e0   0x0800a4e0   0x0000004c   Code   RO         7373    i.fat_handle_get    FS_Dbg_LFN_CM3_L.lib(fs_fat.o)
    0x0800a52c   0x0800a52c   0x00000090   Code   RO         7375    i.fat_init          FS_Dbg_LFN_CM3_L.lib(fs_fat.o)
    0x0800a5bc   0x0800a5bc   0x00000004   Code   RO         5092    i.fat_jour_init     fs_config.o
    0x0800a5c0   0x0800a5c0   0x000001e4   Code   RO         7379    i.fat_mount         FS_Dbg_LFN_CM3_L.lib(fs_fat.o)
    0x0800a7a4   0x0800a7a4   0x00000238   Code   RO         7380    i.fat_open          FS_Dbg_LFN_CM3_L.lib(fs_fat.o)
    0x0800a9dc   0x0800a9dc   0x00000234   Code   RO         7385    i.fat_seek          FS_Dbg_LFN_CM3_L.lib(fs_fat.o)
    0x0800ac10   0x0800ac10   0x000000d4   Code   RO         7389    i.fat_vol_chk       FS_Dbg_LFN_CM3_L.lib(fs_fat.o)
    0x0800ace4   0x0800ace4   0x000001c4   Code   RO         7390    i.fat_write         FS_Dbg_LFN_CM3_L.lib(fs_fat.o)
    0x0800aea8   0x0800aea8   0x00000058   Code   RO         7391    i.file_locked       FS_Dbg_LFN_CM3_L.lib(fs_fat.o)
    0x0800af00   0x0800af00   0x00000076   Code   RO         6397    i.fill_cid          FS_Dbg_LFN_CM3_L.lib(fs_mc_mci.o)
    0x0800af76   0x0800af76   0x00000002   PAD
    0x0800af78   0x0800af78   0x00000058   Code   RO         6350    i.finit             FS_Dbg_LFN_CM3_L.lib(fs_mapi.o)
    0x0800afd0   0x0800afd0   0x00000064   Code   RO         6353    i.fmount            FS_Dbg_LFN_CM3_L.lib(fs_mapi.o)
    0x0800b034   0x0800b034   0x0000002c   Code   RO         7393    i.format_date       FS_Dbg_LFN_CM3_L.lib(fs_fat.o)
    0x0800b060   0x0800b060   0x0000002e   Code   RO         7394    i.format_time       FS_Dbg_LFN_CM3_L.lib(fs_fat.o)
    0x0800b08e   0x0800b08e   0x0000001a   Code   RO         8097    i.fputc             c_w.l(fputc.o)
    0x0800b0a8   0x0800b0a8   0x0000007c   Code   RO         6565    i.frag_map_session  Net4_CM3_L.lib(net_ip4_frag.o)
    0x0800b124   0x0800b124   0x000000ba   Code   RO         7395    i.frec_allocate     FS_Dbg_LFN_CM3_L.lib(fs_fat.o)
    0x0800b1de   0x0800b1de   0x00000002   PAD
    0x0800b1e0   0x0800b1e0   0x00000218   Code   RO         7398    i.frec_find         FS_Dbg_LFN_CM3_L.lib(fs_fat.o)
    0x0800b3f8   0x0800b3f8   0x00000094   Code   RO         7399    i.frec_find_elink   FS_Dbg_LFN_CM3_L.lib(fs_fat.o)
    0x0800b48c   0x0800b48c   0x000000a4   Code   RO         6357    i.fs_component_init  FS_Dbg_LFN_CM3_L.lib(fs_mapi.o)
    0x0800b530   0x0800b530   0x00000058   Code   RO         5095    i.fs_config         fs_config.o
    0x0800b588   0x0800b588   0x000000cc   Code   RO         7310    i.fs_drive_id       FS_Dbg_LFN_CM3_L.lib(fs_common.o)
    0x0800b654   0x0800b654   0x00000006   Code   RO         5096    i.fs_get_rtos_tick_freq  fs_config.o
    0x0800b65a   0x0800b65a   0x00000004   Code   RO         5097    i.fs_get_sys_tick   fs_config.o
    0x0800b65e   0x0800b65e   0x00000002   PAD
    0x0800b660   0x0800b660   0x0000001c   Code   RO         5098    i.fs_get_sys_tick_us  fs_config.o
    0x0800b67c   0x0800b67c   0x0000001a   Code   RO         7765    i.fs_get_time       FS_Dbg_LFN_CM3_L.lib(fs_time.o)
    0x0800b696   0x0800b696   0x00000004   Code   RO         6398    i.fs_mc_lock_unlock  FS_Dbg_LFN_CM3_L.lib(fs_mc_mci.o)
    0x0800b69a   0x0800b69a   0x00000012   Code   RO         5099    i.fs_mutex_acquire  fs_config.o
    0x0800b6ac   0x0800b6ac   0x00000004   Code   RO         5101    i.fs_mutex_new      fs_config.o
    0x0800b6b0   0x0800b6b0   0x00000010   Code   RO         5102    i.fs_mutex_release  fs_config.o
    0x0800b6c0   0x0800b6c0   0x00000020   Code   RO         7311    i.fs_set_cdrive     FS_Dbg_LFN_CM3_L.lib(fs_common.o)
    0x0800b6e0   0x0800b6e0   0x0000000a   Code   RO         5103    i.fs_set_rtos_delay  fs_config.o
    0x0800b6ea   0x0800b6ea   0x00000002   PAD
    0x0800b6ec   0x0800b6ec   0x000000b0   Code   RO         7401    i.fsinfo_read       FS_Dbg_LFN_CM3_L.lib(fs_fat.o)
    0x0800b79c   0x0800b79c   0x00000070   Code   RO         7402    i.fsinfo_write      FS_Dbg_LFN_CM3_L.lib(fs_fat.o)
    0x0800b80c   0x0800b80c   0x00000004   Code   RO         5106    i.fsj_write         fs_config.o
    0x0800b810   0x0800b810   0x00000022   Code   RO         7403    i.get_EOC           FS_Dbg_LFN_CM3_L.lib(fs_fat.o)
    0x0800b832   0x0800b832   0x00000002   PAD
    0x0800b834   0x0800b834   0x000000a0   Code   RO         6399    i.get_block_number  FS_Dbg_LFN_CM3_L.lib(fs_mc_mci.o)
    0x0800b8d4   0x0800b8d4   0x00000032   Code   RO         7405    i.get_fat_sect      FS_Dbg_LFN_CM3_L.lib(fs_fat.o)
    0x0800b906   0x0800b906   0x00000010   Code   RO         7406    i.get_root_clus     FS_Dbg_LFN_CM3_L.lib(fs_fat.o)
    0x0800b916   0x0800b916   0x00000010   Code   RO         7315    i.get_u16           FS_Dbg_LFN_CM3_L.lib(fs_common.o)
    0x0800b926   0x0800b926   0x00000016   Code   RO         7316    i.get_u32           FS_Dbg_LFN_CM3_L.lib(fs_common.o)
    0x0800b93c   0x0800b93c   0x00000068   Code   RO         4579    i.init_rx_desc      emac_stm32f4xx.o
    0x0800b9a4   0x0800b9a4   0x00000060   Code   RO         4580    i.init_tx_desc      emac_stm32f4xx.o
    0x0800ba04   0x0800ba04   0x0000000a   Code   RO         7617    i.ip4_get_chksum    Net4_CM3_L.lib(net_ip4.o)
    0x0800ba0e   0x0800ba0e   0x00000002   PAD
    0x0800ba10   0x0800ba10   0x0000001c   Code   RO         7618    i.ip4_get_mtu       Net4_CM3_L.lib(net_ip4.o)
    0x0800ba2c   0x0800ba2c   0x00000080   Code   RO         7619    i.ip4_get_route     Net4_CM3_L.lib(net_ip4.o)
    0x0800baac   0x0800baac   0x0000002a   Code   RO         5601    i.isrMessageGet     RTX_CM4.lib(rt_cmsis.o)
    0x0800bad6   0x0800bad6   0x0000002c   Code   RO         5602    i.isrMessagePut     RTX_CM4.lib(rt_cmsis.o)
    0x0800bb02   0x0800bb02   0x00000028   Code   RO         5603    i.isrSemaphoreRelease  RTX_CM4.lib(rt_cmsis.o)
    0x0800bb2a   0x0800bb2a   0x00000024   Code   RO         5604    i.isrSignalSet      RTX_CM4.lib(rt_cmsis.o)
    0x0800bb4e   0x0800bb4e   0x00000002   PAD
    0x0800bb50   0x0800bb50   0x00000028   Code   RO         6931    i.isr_evt_set       RTX_CM4.lib(rt_event.o)
    0x0800bb78   0x0800bb78   0x00000056   Code   RO         7049    i.isr_mbx_receive   RTX_CM4.lib(rt_mailbox.o)
    0x0800bbce   0x0800bbce   0x0000000e   Code   RO         7050    i.isr_mbx_send      RTX_CM4.lib(rt_mailbox.o)
    0x0800bbdc   0x0800bbdc   0x00000010   Code   RO         7097    i.isr_sem_send      RTX_CM4.lib(rt_semaphore.o)
    0x0800bbec   0x0800bbec   0x00000004   Code   RO         7418    i.link_clus         FS_Dbg_LFN_CM3_L.lib(fs_fat.o)
    0x0800bbf0   0x0800bbf0   0x00000028   Code   RO         7419    i.long_ent_hash     FS_Dbg_LFN_CM3_L.lib(fs_fat.o)
    0x0800bc18   0x0800bc18   0x00000140   Code   RO           16    i.main              main.o
    0x0800bd58   0x0800bd58   0x00000074   Code   RO         7420    i.mbr_read          FS_Dbg_LFN_CM3_L.lib(fs_fat.o)
    0x0800bdcc   0x0800bdcc   0x0000000c   Code   RO         5107    i.mc0_DevCtrl       fs_config.o
    0x0800bdd8   0x0800bdd8   0x0000000c   Code   RO         5108    i.mc0_Init          fs_config.o
    0x0800bde4   0x0800bde4   0x0000000c   Code   RO         5109    i.mc0_RdInfo        fs_config.o
    0x0800bdf0   0x0800bdf0   0x0000000c   Code   RO         5110    i.mc0_RdSect        fs_config.o
    0x0800bdfc   0x0800bdfc   0x0000000c   Code   RO         5111    i.mc0_UnInit        fs_config.o
    0x0800be08   0x0800be08   0x0000000c   Code   RO         5112    i.mc0_WrSect        fs_config.o
    0x0800be14   0x0800be14   0x00000160   Code   RO         6400    i.mc_control_lock   FS_Dbg_LFN_CM3_L.lib(fs_mc_mci.o)
    0x0800bf74   0x0800bf74   0x000000d0   Code   RO         6401    i.mc_control_sleep  FS_Dbg_LFN_CM3_L.lib(fs_mc_mci.o)
    0x0800c044   0x0800c044   0x00000046   Code   RO         6402    i.mc_enable_acmd    FS_Dbg_LFN_CM3_L.lib(fs_mc_mci.o)
    0x0800c08a   0x0800c08a   0x00000002   PAD
    0x0800c08c   0x0800c08c   0x0000018c   Code   RO         6403    i.mc_mci_DevCtrl    FS_Dbg_LFN_CM3_L.lib(fs_mc_mci.o)
    0x0800c218   0x0800c218   0x00000050   Code   RO         6404    i.mc_mci_DrvEvent   FS_Dbg_LFN_CM3_L.lib(fs_mc_mci.o)
    0x0800c268   0x0800c268   0x00000128   Code   RO         6405    i.mc_mci_Init       FS_Dbg_LFN_CM3_L.lib(fs_mc_mci.o)
    0x0800c390   0x0800c390   0x00000050   Code   RO         6406    i.mc_mci_ReadInfo   FS_Dbg_LFN_CM3_L.lib(fs_mc_mci.o)
    0x0800c3e0   0x0800c3e0   0x0000015c   Code   RO         6407    i.mc_mci_ReadSector  FS_Dbg_LFN_CM3_L.lib(fs_mc_mci.o)
    0x0800c53c   0x0800c53c   0x00000064   Code   RO         6408    i.mc_mci_UnInit     FS_Dbg_LFN_CM3_L.lib(fs_mc_mci.o)
    0x0800c5a0   0x0800c5a0   0x00000178   Code   RO         6409    i.mc_mci_WriteSector  FS_Dbg_LFN_CM3_L.lib(fs_mc_mci.o)
    0x0800c718   0x0800c718   0x000005b4   Code   RO         6410    i.mc_native_init    FS_Dbg_LFN_CM3_L.lib(fs_mc_mci.o)
    0x0800cccc   0x0800cccc   0x0000003e   Code   RO         6411    i.mc_read_status    FS_Dbg_LFN_CM3_L.lib(fs_mc_mci.o)
    0x0800cd0a   0x0800cd0a   0x00000002   PAD
    0x0800cd0c   0x0800cd0c   0x000000e8   Code   RO         6412    i.mc_select_bus_width  FS_Dbg_LFN_CM3_L.lib(fs_mc_mci.o)
    0x0800cdf4   0x0800cdf4   0x0000004c   Code   RO         6413    i.mc_select_deselect  FS_Dbg_LFN_CM3_L.lib(fs_mc_mci.o)
    0x0800ce40   0x0800ce40   0x000000e8   Code   RO         6414    i.mc_select_tran_state  FS_Dbg_LFN_CM3_L.lib(fs_mc_mci.o)
    0x0800cf28   0x0800cf28   0x00000070   Code   RO         6415    i.mc_send_ext_csd   FS_Dbg_LFN_CM3_L.lib(fs_mc_mci.o)
    0x0800cf98   0x0800cf98   0x00000046   Code   RO         6416    i.mc_set_block_len  FS_Dbg_LFN_CM3_L.lib(fs_mc_mci.o)
    0x0800cfde   0x0800cfde   0x0000004c   Code   RO         6417    i.mc_sleep_awake    FS_Dbg_LFN_CM3_L.lib(fs_mc_mci.o)
    0x0800d02a   0x0800d02a   0x0000003c   Code   RO         6418    i.mc_stop_transmission  FS_Dbg_LFN_CM3_L.lib(fs_mc_mci.o)
    0x0800d066   0x0800d066   0x00000046   Code   RO         6419    i.mc_switch         FS_Dbg_LFN_CM3_L.lib(fs_mc_mci.o)
    0x0800d0ac   0x0800d0ac   0x00000090   Code   RO         6420    i.mc_switch_func    FS_Dbg_LFN_CM3_L.lib(fs_mc_mci.o)
    0x0800d13c   0x0800d13c   0x00000030   Code   RO         6421    i.mc_wfe            FS_Dbg_LFN_CM3_L.lib(fs_mc_mci.o)
    0x0800d16c   0x0800d16c   0x0000000a   Code   RO         6422    i.mci_bus_speed     FS_Dbg_LFN_CM3_L.lib(fs_mc_mci.o)
    0x0800d176   0x0800d176   0x00000016   Code   RO         6423    i.mci_bus_speed_mode  FS_Dbg_LFN_CM3_L.lib(fs_mc_mci.o)
    0x0800d18c   0x0800d18c   0x00000016   Code   RO         6424    i.mci_bus_width     FS_Dbg_LFN_CM3_L.lib(fs_mc_mci.o)
    0x0800d1a2   0x0800d1a2   0x0000003e   Code   RO         6425    i.mci_card_power    FS_Dbg_LFN_CM3_L.lib(fs_mc_mci.o)
    0x0800d1e0   0x0800d1e0   0x00000016   Code   RO         6426    i.mci_cmd_bus_mode  FS_Dbg_LFN_CM3_L.lib(fs_mc_mci.o)
    0x0800d1f6   0x0800d1f6   0x0000001e   Code   RO         6427    i.mci_data_timeout  FS_Dbg_LFN_CM3_L.lib(fs_mc_mci.o)
    0x0800d214   0x0800d214   0x00000016   Code   RO         6428    i.mci_idle_clock    FS_Dbg_LFN_CM3_L.lib(fs_mc_mci.o)
    0x0800d22a   0x0800d22a   0x00000002   PAD
    0x0800d22c   0x0800d22c   0x0000008c   Code   RO         6429    i.mci_update_sw_state  FS_Dbg_LFN_CM3_L.lib(fs_mc_mci.o)
    0x0800d2b8   0x0800d2b8   0x0000000c   Code   RO         7665    i.mem_lock          Net4_CM3_L.lib(net_mem.o)
    0x0800d2c4   0x0800d2c4   0x0000000c   Code   RO         7666    i.mem_unlock        Net4_CM3_L.lib(net_mem.o)
    0x0800d2d0   0x0800d2d0   0x000000b0   Code   RO         7422    i.name_analyse      FS_Dbg_LFN_CM3_L.lib(fs_fat.o)
    0x0800d380   0x0800d380   0x000000b4   Code   RO         7423    i.name_basis_gen    FS_Dbg_LFN_CM3_L.lib(fs_fat.o)
    0x0800d434   0x0800d434   0x00000008   Code   RO         7424    i.name_hash         FS_Dbg_LFN_CM3_L.lib(fs_fat.o)
    0x0800d43c   0x0800d43c   0x00000128   Code   RO         7425    i.name_nt_gen       FS_Dbg_LFN_CM3_L.lib(fs_fat.o)
    0x0800d564   0x0800d564   0x00000052   Code   RO         7426    i.name_strip        FS_Dbg_LFN_CM3_L.lib(fs_fat.o)
    0x0800d5b6   0x0800d5b6   0x00000002   PAD
    0x0800d5b8   0x0800d5b8   0x00000038   Code   RO         7427    i.name_validate     FS_Dbg_LFN_CM3_L.lib(fs_fat.o)
    0x0800d5f0   0x0800d5f0   0x00000160   Code   RO         6760    i.nbns_listener     Net4_CM3_L.lib(net_nbns_client.o)
    0x0800d750   0x0800d750   0x00000058   Code   RO         6795    i.netCore_Thread    Net4_CM3_L.lib(net_sys.o)
    0x0800d7a8   0x0800d7a8   0x00000002   Code   RO         6506    i.netETH_Notify     Net4_CM3_L.lib(net_eth.o)
    0x0800d7aa   0x0800d7aa   0x00000002   Code   RO         6507    i.netETH_ReceiveRaw  Net4_CM3_L.lib(net_eth.o)
    0x0800d7ac   0x0800d7ac   0x0000003c   Code   RO         6509    i.netETH_Thread     Net4_CM3_L.lib(net_eth.o)
    0x0800d7e8   0x0800d7e8   0x00000078   Code   RO         6799    i.netInitialize     Net4_CM3_L.lib(net_sys.o)
    0x0800d860   0x0800d860   0x0000007c   Code   RO         7716    i.netMAC_aton       Net4_CM3_L.lib(net_addr.o)
    0x0800d8dc   0x0800d8dc   0x00000008   Code   RO         6587    i.netUDP_GetBuffer  Net4_CM3_L.lib(net_udp.o)
    0x0800d8e4   0x0800d8e4   0x00000018   Code   RO         6589    i.netUDP_GetSocket  Net4_CM3_L.lib(net_udp.o)
    0x0800d8fc   0x0800d8fc   0x0000001c   Code   RO         6590    i.netUDP_Open       Net4_CM3_L.lib(net_udp.o)
    0x0800d918   0x0800d918   0x00000028   Code   RO         6592    i.netUDP_Send       Net4_CM3_L.lib(net_udp.o)
    0x0800d940   0x0800d940   0x00000068   Code   RO         7718    i.net_addr4_aton    Net4_CM3_L.lib(net_addr.o)
    0x0800d9a8   0x0800d9a8   0x0000001a   Code   RO         7719    i.net_addr4_is_subnet  Net4_CM3_L.lib(net_addr.o)
    0x0800d9c2   0x0800d9c2   0x0000000e   Code   RO         7724    i.net_addr_get_local  Net4_CM3_L.lib(net_addr.o)
    0x0800d9d0   0x0800d9d0   0x00000014   Code   RO         7725    i.net_addr_is_unspec  Net4_CM3_L.lib(net_addr.o)
    0x0800d9e4   0x0800d9e4   0x000000ac   Code   RO         7574    i.net_arp_cache_add  Net4_CM3_L.lib(net_arp.o)
    0x0800da90   0x0800da90   0x00000094   Code   RO         7575    i.net_arp_cache_early  Net4_CM3_L.lib(net_arp.o)
    0x0800db24   0x0800db24   0x00000088   Code   RO         7576    i.net_arp_cache_find  Net4_CM3_L.lib(net_arp.o)
    0x0800dbac   0x0800dbac   0x0000006c   Code   RO         7577    i.net_arp_enqueue   Net4_CM3_L.lib(net_arp.o)
    0x0800dc18   0x0800dc18   0x00000034   Code   RO         7579    i.net_arp_init      Net4_CM3_L.lib(net_arp.o)
    0x0800dc4c   0x0800dc4c   0x00000030   Code   RO         7580    i.net_arp_notify    Net4_CM3_L.lib(net_arp.o)
    0x0800dc7c   0x0800dc7c   0x00000164   Code   RO         7582    i.net_arp_process   Net4_CM3_L.lib(net_arp.o)
    0x0800dde0   0x0800dde0   0x000000fc   Code   RO         7583    i.net_arp_run       Net4_CM3_L.lib(net_arp.o)
    0x0800dedc   0x0800dedc   0x0000002c   Code   RO         7584    i.net_arp_uninit    Net4_CM3_L.lib(net_arp.o)
    0x0800df08   0x0800df08   0x00000018   Code   RO         7689    i.net_crc32_buf     Net4_CM3_L.lib(net_common.o)
    0x0800df20   0x0800df20   0x00000074   Code   RO         6511    i.net_eth_get_option  Net4_CM3_L.lib(net_eth.o)
    0x0800df94   0x0800df94   0x000001b4   Code   RO         6512    i.net_eth_iface_init  Net4_CM3_L.lib(net_eth.o)
    0x0800e148   0x0800e148   0x00000158   Code   RO         6513    i.net_eth_iface_run  Net4_CM3_L.lib(net_eth.o)
    0x0800e2a0   0x0800e2a0   0x00000070   Code   RO         6514    i.net_eth_iface_uninit  Net4_CM3_L.lib(net_eth.o)
    0x0800e310   0x0800e310   0x00000020   Code   RO         6515    i.net_eth_is_my_addr  Net4_CM3_L.lib(net_eth.o)
    0x0800e330   0x0800e330   0x0000003c   Code   RO         6516    i.net_eth_output    Net4_CM3_L.lib(net_eth.o)
    0x0800e36c   0x0800e36c   0x000000b8   Code   RO         6517    i.net_eth_send_frame  Net4_CM3_L.lib(net_eth.o)
    0x0800e424   0x0800e424   0x000000a4   Code   RO         6518    i.net_eth_set_option  Net4_CM3_L.lib(net_eth.o)
    0x0800e4c8   0x0800e4c8   0x000000b4   Code   RO         6519    i.net_eth_update_filter  Net4_CM3_L.lib(net_eth.o)
    0x0800e57c   0x0800e57c   0x000000f4   Code   RO         7655    i.net_icmp_process  Net4_CM3_L.lib(net_icmp.o)
    0x0800e670   0x0800e670   0x00000080   Code   RO         7656    i.net_icmp_send_echo  Net4_CM3_L.lib(net_icmp.o)
    0x0800e6f0   0x0800e6f0   0x00000004   Code   RO         5389    i.net_igmp_collect_addr  net_config.o
    0x0800e6f4   0x0800e6f4   0x00000004   Code   RO         5390    i.net_igmp_is_member  net_config.o
    0x0800e6f8   0x0800e6f8   0x00000002   Code   RO         5391    i.net_igmp_process  net_config.o
    0x0800e6fa   0x0800e6fa   0x0000004c   Code   RO         7620    i.net_ip4_checksum  Net4_CM3_L.lib(net_ip4.o)
    0x0800e746   0x0800e746   0x00000002   PAD
    0x0800e748   0x0800e748   0x000000ec   Code   RO         7621    i.net_ip4_chk_frame  Net4_CM3_L.lib(net_ip4.o)
    0x0800e834   0x0800e834   0x00000032   Code   RO         7622    i.net_ip4_chksum_buf  Net4_CM3_L.lib(net_ip4.o)
    0x0800e866   0x0800e866   0x00000002   PAD
    0x0800e868   0x0800e868   0x00000124   Code   RO         6566    i.net_ip4_frag_add  Net4_CM3_L.lib(net_ip4_frag.o)
    0x0800e98c   0x0800e98c   0x000000ac   Code   RO         6567    i.net_ip4_frag_get  Net4_CM3_L.lib(net_ip4_frag.o)
    0x0800ea38   0x0800ea38   0x00000010   Code   RO         6568    i.net_ip4_frag_init  Net4_CM3_L.lib(net_ip4_frag.o)
    0x0800ea48   0x0800ea48   0x0000003c   Code   RO         6569    i.net_ip4_frag_run  Net4_CM3_L.lib(net_ip4_frag.o)
    0x0800ea84   0x0800ea84   0x00000010   Code   RO         6570    i.net_ip4_frag_uninit  Net4_CM3_L.lib(net_ip4_frag.o)
    0x0800ea94   0x0800ea94   0x00000044   Code   RO         7624    i.net_ip4_get_local  Net4_CM3_L.lib(net_ip4.o)
    0x0800ead8   0x0800ead8   0x00000044   Code   RO         7625    i.net_ip4_init      Net4_CM3_L.lib(net_ip4.o)
    0x0800eb1c   0x0800eb1c   0x0000002c   Code   RO         7626    i.net_ip4_is_subcast  Net4_CM3_L.lib(net_ip4.o)
    0x0800eb48   0x0800eb48   0x00000010   Code   RO         7627    i.net_ip4_reass_frame  Net4_CM3_L.lib(net_ip4.o)
    0x0800eb58   0x0800eb58   0x00000140   Code   RO         7628    i.net_ip4_send_frame  Net4_CM3_L.lib(net_ip4.o)
    0x0800ec98   0x0800ec98   0x00000058   Code   RO         7630    i.net_ip4_tx_offload  Net4_CM3_L.lib(net_ip4.o)
    0x0800ecf0   0x0800ecf0   0x00000010   Code   RO         7631    i.net_ip4_uninit    Net4_CM3_L.lib(net_ip4.o)
    0x0800ed00   0x0800ed00   0x00000020   Code   RO         6550    i.net_loop_iface_init  Net4_CM3_L.lib(net_loopback.o)
    0x0800ed20   0x0800ed20   0x00000068   Code   RO         6551    i.net_loop_iface_run  Net4_CM3_L.lib(net_loopback.o)
    0x0800ed88   0x0800ed88   0x00000010   Code   RO         6552    i.net_loop_iface_uninit  Net4_CM3_L.lib(net_loopback.o)
    0x0800ed98   0x0800ed98   0x00000048   Code   RO         6553    i.net_loop_send_frame  Net4_CM3_L.lib(net_loopback.o)
    0x0800ede0   0x0800ede0   0x0000008c   Code   RO         7667    i.net_mem_alloc     Net4_CM3_L.lib(net_mem.o)
    0x0800ee6c   0x0800ee6c   0x0000001c   Code   RO         7668    i.net_mem_avail     Net4_CM3_L.lib(net_mem.o)
    0x0800ee88   0x0800ee88   0x0000006c   Code   RO         7669    i.net_mem_free      Net4_CM3_L.lib(net_mem.o)
    0x0800eef4   0x0800eef4   0x00000060   Code   RO         7670    i.net_mem_init      Net4_CM3_L.lib(net_mem.o)
    0x0800ef54   0x0800ef54   0x0000002c   Code   RO         6761    i.net_nbns_client_init  Net4_CM3_L.lib(net_nbns_client.o)
    0x0800ef80   0x0800ef80   0x0000000c   Code   RO         6762    i.net_nbns_client_uninit  Net4_CM3_L.lib(net_nbns_client.o)
    0x0800ef8c   0x0800ef8c   0x00000010   Code   RO         6775    i.net_ping_client_init  Net4_CM3_L.lib(net_ping_core.o)
    0x0800ef9c   0x0800ef9c   0x00000040   Code   RO         6776    i.net_ping_client_run  Net4_CM3_L.lib(net_ping_core.o)
    0x0800efdc   0x0800efdc   0x0000000c   Code   RO         6778    i.net_ping_client_uninit  Net4_CM3_L.lib(net_ping_core.o)
    0x0800efe8   0x0800efe8   0x00000004   Code   RO         5392    i.net_ppp_send_frame  net_config.o
    0x0800efec   0x0800efec   0x0000001c   Code   RO         6804    i.net_rand32        Net4_CM3_L.lib(net_sys.o)
    0x0800f008   0x0800f008   0x00000004   Code   RO         5393    i.net_slip_send_frame  net_config.o
    0x0800f00c   0x0800f00c   0x00000020   Code   RO         7696    i.net_strtoupper    Net4_CM3_L.lib(net_common.o)
    0x0800f02c   0x0800f02c   0x00000002   Code   RO         5394    i.net_sys_error     net_config.o
    0x0800f02e   0x0800f02e   0x00000002   PAD
    0x0800f030   0x0800f030   0x0000000c   Code   RO         6805    i.net_sys_lock      Net4_CM3_L.lib(net_sys.o)
    0x0800f03c   0x0800f03c   0x00000014   Code   RO         6808    i.net_sys_tick      Net4_CM3_L.lib(net_sys.o)
    0x0800f050   0x0800f050   0x0000000c   Code   RO         6809    i.net_sys_unlock    Net4_CM3_L.lib(net_sys.o)
    0x0800f05c   0x0800f05c   0x00000020   Code   RO         6811    i.net_sys_wakeup    Net4_CM3_L.lib(net_sys.o)
    0x0800f07c   0x0800f07c   0x000004c0   Code   RO         6672    i.net_tcp_process   Net4_CM3_L.lib(net_tcp.o)
    0x0800f53c   0x0800f53c   0x00000014   Code   RO         6679    i.net_tcp_socket_init  Net4_CM3_L.lib(net_tcp.o)
    0x0800f550   0x0800f550   0x000002c0   Code   RO         6680    i.net_tcp_socket_run  Net4_CM3_L.lib(net_tcp.o)
    0x0800f810   0x0800f810   0x00000014   Code   RO         6681    i.net_tcp_socket_uninit  Net4_CM3_L.lib(net_tcp.o)
    0x0800f824   0x0800f824   0x0000001e   Code   RO         6596    i.net_udp_get_buf   Net4_CM3_L.lib(net_udp.o)
    0x0800f842   0x0800f842   0x00000002   PAD
    0x0800f844   0x0800f844   0x0000004c   Code   RO         6599    i.net_udp_get_socket  Net4_CM3_L.lib(net_udp.o)
    0x0800f890   0x0800f890   0x0000006c   Code   RO         6601    i.net_udp_open      Net4_CM3_L.lib(net_udp.o)
    0x0800f8fc   0x0800f8fc   0x000000bc   Code   RO         6602    i.net_udp_process   Net4_CM3_L.lib(net_udp.o)
    0x0800f9b8   0x0800f9b8   0x00000134   Code   RO         6604    i.net_udp_send      Net4_CM3_L.lib(net_udp.o)
    0x0800faec   0x0800faec   0x00000014   Code   RO         6606    i.net_udp_socket_init  Net4_CM3_L.lib(net_udp.o)
    0x0800fb00   0x0800fb00   0x00000014   Code   RO         6607    i.net_udp_socket_uninit  Net4_CM3_L.lib(net_udp.o)
    0x0800fb14   0x0800fb14   0x00000028   Code   RO         5395    i.netif_create      net_config.o
    0x0800fb3c   0x0800fb3c   0x00000014   Code   RO         5396    i.netif_delete      net_config.o
    0x0800fb50   0x0800fb50   0x00000008   Code   RO         5397    i.netif_lock        net_config.o
    0x0800fb58   0x0800fb58   0x00000004   Code   RO         5398    i.netif_unlock      net_config.o
    0x0800fb5c   0x0800fb5c   0x00000004   Code   RO         5400    i.netos_flag_clear  net_config.o
    0x0800fb60   0x0800fb60   0x00000004   Code   RO         5401    i.netos_flag_set    net_config.o
    0x0800fb64   0x0800fb64   0x00000004   Code   RO         5402    i.netos_flag_wait   net_config.o
    0x0800fb68   0x0800fb68   0x00000008   Code   RO         5403    i.netos_lock        net_config.o
    0x0800fb70   0x0800fb70   0x00000014   Code   RO         5404    i.netos_mutex_create  net_config.o
    0x0800fb84   0x0800fb84   0x0000000c   Code   RO         5406    i.netos_thread_create  net_config.o
    0x0800fb90   0x0800fb90   0x00000004   Code   RO         5409    i.netos_thread_pass  net_config.o
    0x0800fb94   0x0800fb94   0x00000010   Code   RO         5410    i.netos_timer_create  net_config.o
    0x0800fba4   0x0800fba4   0x00000004   Code   RO         5412    i.netos_timer_start  net_config.o
    0x0800fba8   0x0800fba8   0x00000004   Code   RO         5413    i.netos_unlock      net_config.o
    0x0800fbac   0x0800fbac   0x00000018   Code   RO         5605    i.osDelay           RTX_CM4.lib(rt_cmsis.o)
    0x0800fbc4   0x0800fbc4   0x00000024   Code   RO         5606    i.osKernelInitialize  RTX_CM4.lib(rt_cmsis.o)
    0x0800fbe8   0x0800fbe8   0x0000006c   Code   RO         5608    i.osKernelStart     RTX_CM4.lib(rt_cmsis.o)
    0x0800fc54   0x0800fc54   0x00000018   Code   RO         5609    i.osKernelSysTick   RTX_CM4.lib(rt_cmsis.o)
    0x0800fc6c   0x0800fc6c   0x00000018   Code   RO         5617    i.osMessageGet      RTX_CM4.lib(rt_cmsis.o)
    0x0800fc84   0x0800fc84   0x0000002c   Code   RO         5619    i.osMutexCreate     RTX_CM4.lib(rt_cmsis.o)
    0x0800fcb0   0x0800fcb0   0x00000018   Code   RO         5621    i.osMutexRelease    RTX_CM4.lib(rt_cmsis.o)
    0x0800fcc8   0x0800fcc8   0x00000018   Code   RO         5622    i.osMutexWait       RTX_CM4.lib(rt_cmsis.o)
    0x0800fce0   0x0800fce0   0x0000002c   Code   RO         5627    i.osSemaphoreCreate  RTX_CM4.lib(rt_cmsis.o)
    0x0800fd0c   0x0800fd0c   0x00000018   Code   RO         5628    i.osSemaphoreDelete  RTX_CM4.lib(rt_cmsis.o)
    0x0800fd24   0x0800fd24   0x00000018   Code   RO         5629    i.osSemaphoreRelease  RTX_CM4.lib(rt_cmsis.o)
    0x0800fd3c   0x0800fd3c   0x00000018   Code   RO         5630    i.osSemaphoreWait   RTX_CM4.lib(rt_cmsis.o)
    0x0800fd54   0x0800fd54   0x00000018   Code   RO         5631    i.osSignalClear     RTX_CM4.lib(rt_cmsis.o)
    0x0800fd6c   0x0800fd6c   0x00000018   Code   RO         5632    i.osSignalSet       RTX_CM4.lib(rt_cmsis.o)
    0x0800fd84   0x0800fd84   0x00000018   Code   RO         5633    i.osSignalWait      RTX_CM4.lib(rt_cmsis.o)
    0x0800fd9c   0x0800fd9c   0x0000002c   Code   RO         5634    i.osThreadCreate    RTX_CM4.lib(rt_cmsis.o)
    0x0800fdc8   0x0800fdc8   0x00000018   Code   RO         5635    i.osThreadExit      RTX_CM4.lib(rt_cmsis.o)
    0x0800fde0   0x0800fde0   0x00000018   Code   RO         5639    i.osThreadTerminate  RTX_CM4.lib(rt_cmsis.o)
    0x0800fdf8   0x0800fdf8   0x00000018   Code   RO         5640    i.osThreadYield     RTX_CM4.lib(rt_cmsis.o)
    0x0800fe10   0x0800fe10   0x0000000c   Code   RO         5641    i.osTimerCall       RTX_CM4.lib(rt_cmsis.o)
    0x0800fe1c   0x0800fe1c   0x0000002c   Code   RO         5642    i.osTimerCreate     RTX_CM4.lib(rt_cmsis.o)
    0x0800fe48   0x0800fe48   0x00000018   Code   RO         5644    i.osTimerStart      RTX_CM4.lib(rt_cmsis.o)
    0x0800fe60   0x0800fe60   0x0000002c   Code   RO         5646    i.osTimerThread     RTX_CM4.lib(rt_cmsis.o)
    0x0800fe8c   0x0800fe8c   0x00000022   Code   RO         4440    i.os_error          rtx_conf_cm.o
    0x0800feae   0x0800feae   0x00000002   PAD
    0x0800feb0   0x0800feb0   0x00000014   Code   RO         4441    i.os_idle_demon     rtx_conf_cm.o
    0x0800fec4   0x0800fec4   0x00000028   Code   RO         6841    i.os_tick_init      RTX_CM4.lib(rt_system.o)
    0x0800feec   0x0800feec   0x00000002   Code   RO         6842    i.os_tick_irqack    RTX_CM4.lib(rt_system.o)
    0x0800feee   0x0800feee   0x00000002   PAD
    0x0800fef0   0x0800fef0   0x00000010   Code   RO         6843    i.os_tick_ovf       RTX_CM4.lib(rt_system.o)
    0x0800ff00   0x0800ff00   0x00000014   Code   RO         6844    i.os_tick_val       RTX_CM4.lib(rt_system.o)
    0x0800ff14   0x0800ff14   0x0000023e   Code   RO         7428    i.path_create       FS_Dbg_LFN_CM3_L.lib(fs_fat.o)
    0x08010152   0x08010152   0x00000002   PAD
    0x08010154   0x08010154   0x00000032   Code   RO         7429    i.path_init         FS_Dbg_LFN_CM3_L.lib(fs_fat.o)
    0x08010186   0x08010186   0x00000002   PAD
    0x08010188   0x08010188   0x000000b4   Code   RO         7430    i.path_open         FS_Dbg_LFN_CM3_L.lib(fs_fat.o)
    0x0801023c   0x0801023c   0x00000058   Code   RO         7431    i.path_validate     FS_Dbg_LFN_CM3_L.lib(fs_fat.o)
    0x08010294   0x08010294   0x00000010   Code   RO         6779    i.ping_send_req     Net4_CM3_L.lib(net_ping_core.o)
    0x080102a4   0x080102a4   0x0000001a   Code   RO         6571    i.que_free_list     Net4_CM3_L.lib(net_ip4_frag.o)
    0x080102be   0x080102be   0x00000086   Code   RO         7432    i.read_cache        FS_Dbg_LFN_CM3_L.lib(fs_fat.o)
    0x08010344   0x08010344   0x0000005c   Code   RO         7433    i.read_sector       FS_Dbg_LFN_CM3_L.lib(fs_fat.o)
    0x080103a0   0x080103a0   0x00000234   Code   RO           17    i.readswitch        main.o
    0x080105d4   0x080105d4   0x0000001a   Code   RO         7195    i.rt_alloc_box      RTX_CM4.lib(rt_membox.o)
    0x080105ee   0x080105ee   0x0000003e   Code   RO         7223    i.rt_alloc_mem      RTX_CM4.lib(rt_memory.o)
    0x0801062c   0x0801062c   0x00000038   Code   RO         6220    i.rt_block          RTX_CM4.lib(rt_task.o)
    0x08010664   0x08010664   0x00000048   Code   RO         7172    i.rt_chk_robin      RTX_CM4.lib(rt_robin.o)
    0x080106ac   0x080106ac   0x00000070   Code   RO         6973    i.rt_dec_dly        RTX_CM4.lib(rt_list.o)
    0x0801071c   0x0801071c   0x00000044   Code   RO         6221    i.rt_dispatch       RTX_CM4.lib(rt_task.o)
    0x08010760   0x08010760   0x00000006   Code   RO         7139    i.rt_dly_wait       RTX_CM4.lib(rt_time.o)
    0x08010766   0x08010766   0x00000002   PAD
    0x08010768   0x08010768   0x0000001c   Code   RO         6932    i.rt_evt_clr        RTX_CM4.lib(rt_event.o)
    0x08010784   0x08010784   0x00000050   Code   RO         6934    i.rt_evt_psh        RTX_CM4.lib(rt_event.o)
    0x080107d4   0x080107d4   0x0000005c   Code   RO         6935    i.rt_evt_set        RTX_CM4.lib(rt_event.o)
    0x08010830   0x08010830   0x0000003c   Code   RO         6936    i.rt_evt_wait       RTX_CM4.lib(rt_event.o)
    0x0801086c   0x0801086c   0x0000002c   Code   RO         7196    i.rt_free_box       RTX_CM4.lib(rt_membox.o)
    0x08010898   0x08010898   0x00000028   Code   RO         7224    i.rt_free_mem       RTX_CM4.lib(rt_memory.o)
    0x080108c0   0x080108c0   0x00000028   Code   RO         6974    i.rt_get_first      RTX_CM4.lib(rt_list.o)
    0x080108e8   0x080108e8   0x00000024   Code   RO         6975    i.rt_get_same_rdy_prio  RTX_CM4.lib(rt_list.o)
    0x0801090c   0x0801090c   0x00000008   Code   RO         5651    i.rt_id2obj         RTX_CM4.lib(rt_cmsis.o)
    0x08010914   0x08010914   0x00000048   Code   RO         6222    i.rt_init_context   RTX_CM4.lib(rt_task.o)
    0x0801095c   0x0801095c   0x0000001a   Code   RO         7225    i.rt_init_mem       RTX_CM4.lib(rt_memory.o)
    0x08010976   0x08010976   0x00000002   PAD
    0x08010978   0x08010978   0x00000018   Code   RO         7173    i.rt_init_robin     RTX_CM4.lib(rt_robin.o)
    0x08010990   0x08010990   0x00000080   Code   RO         7250    i.rt_init_stack     RTX_CM4.lib(hal_cm.o)
    0x08010a10   0x08010a10   0x00000008   Code   RO         7051    i.rt_mbx_check      RTX_CM4.lib(rt_mailbox.o)
    0x08010a18   0x08010a18   0x0000001a   Code   RO         7052    i.rt_mbx_init       RTX_CM4.lib(rt_mailbox.o)
    0x08010a32   0x08010a32   0x00000002   PAD
    0x08010a34   0x08010a34   0x000000f0   Code   RO         7053    i.rt_mbx_psh        RTX_CM4.lib(rt_mailbox.o)
    0x08010b24   0x08010b24   0x000000b4   Code   RO         7055    i.rt_mbx_wait       RTX_CM4.lib(rt_mailbox.o)
    0x08010bd8   0x08010bd8   0x00000044   Code   RO         5652    i.rt_ms2tick        RTX_CM4.lib(rt_cmsis.o)
    0x08010c1c   0x08010c1c   0x00000010   Code   RO         6305    i.rt_mut_init       RTX_CM4.lib(rt_mutex.o)
    0x08010c2c   0x08010c2c   0x000000d8   Code   RO         6306    i.rt_mut_release    RTX_CM4.lib(rt_mutex.o)
    0x08010d04   0x08010d04   0x00000078   Code   RO         6307    i.rt_mut_wait       RTX_CM4.lib(rt_mutex.o)
    0x08010d7c   0x08010d7c   0x0000007c   Code   RO         6845    i.rt_pop_req        RTX_CM4.lib(rt_system.o)
    0x08010df8   0x08010df8   0x00000020   Code   RO         6846    i.rt_psh_req        RTX_CM4.lib(rt_system.o)
    0x08010e18   0x08010e18   0x0000005c   Code   RO         6976    i.rt_psq_enq        RTX_CM4.lib(rt_list.o)
    0x08010e74   0x08010e74   0x00000048   Code   RO         6977    i.rt_put_dly        RTX_CM4.lib(rt_list.o)
    0x08010ebc   0x08010ebc   0x00000036   Code   RO         6978    i.rt_put_prio       RTX_CM4.lib(rt_list.o)
    0x08010ef2   0x08010ef2   0x00000002   PAD
    0x08010ef4   0x08010ef4   0x00000014   Code   RO         6979    i.rt_put_rdy_first  RTX_CM4.lib(rt_list.o)
    0x08010f08   0x08010f08   0x00000034   Code   RO         6980    i.rt_resort_prio    RTX_CM4.lib(rt_list.o)
    0x08010f3c   0x08010f3c   0x00000010   Code   RO         7251    i.rt_ret_regs       RTX_CM4.lib(hal_cm.o)
    0x08010f4c   0x08010f4c   0x0000000c   Code   RO         7252    i.rt_ret_val        RTX_CM4.lib(hal_cm.o)
    0x08010f58   0x08010f58   0x00000010   Code   RO         7253    i.rt_ret_val2       RTX_CM4.lib(hal_cm.o)
    0x08010f68   0x08010f68   0x00000028   Code   RO         6981    i.rt_rmv_dly        RTX_CM4.lib(rt_list.o)
    0x08010f90   0x08010f90   0x00000030   Code   RO         6982    i.rt_rmv_list       RTX_CM4.lib(rt_list.o)
    0x08010fc0   0x08010fc0   0x0000005c   Code   RO         7098    i.rt_sem_delete     RTX_CM4.lib(rt_semaphore.o)
    0x0801101c   0x0801101c   0x0000000c   Code   RO         7099    i.rt_sem_init       RTX_CM4.lib(rt_semaphore.o)
    0x08011028   0x08011028   0x00000034   Code   RO         7100    i.rt_sem_psh        RTX_CM4.lib(rt_semaphore.o)
    0x0801105c   0x0801105c   0x0000002a   Code   RO         7101    i.rt_sem_send       RTX_CM4.lib(rt_semaphore.o)
    0x08011086   0x08011086   0x00000002   PAD
    0x08011088   0x08011088   0x00000040   Code   RO         7102    i.rt_sem_wait       RTX_CM4.lib(rt_semaphore.o)
    0x080110c8   0x080110c8   0x00000024   Code   RO         6848    i.rt_stk_check      RTX_CM4.lib(rt_system.o)
    0x080110ec   0x080110ec   0x00000028   Code   RO         6223    i.rt_switch_req     RTX_CM4.lib(rt_task.o)
    0x08011114   0x08011114   0x000000cc   Code   RO         6224    i.rt_sys_init       RTX_CM4.lib(rt_task.o)
    0x080111e0   0x080111e0   0x00000078   Code   RO         6225    i.rt_sys_start      RTX_CM4.lib(rt_task.o)
    0x08011258   0x08011258   0x00000040   Code   RO         6850    i.rt_systick        RTX_CM4.lib(rt_system.o)
    0x08011298   0x08011298   0x00000012   Code   RO         5653    i.rt_tid2ptcb       RTX_CM4.lib(rt_cmsis.o)
    0x080112aa   0x080112aa   0x00000002   PAD
    0x080112ac   0x080112ac   0x00000034   Code   RO         5654    i.rt_timer_insert   RTX_CM4.lib(rt_cmsis.o)
    0x080112e0   0x080112e0   0x0000003c   Code   RO         5655    i.rt_timer_remove   RTX_CM4.lib(rt_cmsis.o)
    0x0801131c   0x0801131c   0x00000088   Code   RO         6226    i.rt_tsk_create     RTX_CM4.lib(rt_task.o)
    0x080113a4   0x080113a4   0x0000017c   Code   RO         6227    i.rt_tsk_delete     RTX_CM4.lib(rt_task.o)
    0x08011520   0x08011520   0x00000030   Code   RO         6228    i.rt_tsk_pass       RTX_CM4.lib(rt_task.o)
    0x08011550   0x08011550   0x0000007c   Code   RO         6229    i.rt_tsk_prio       RTX_CM4.lib(rt_task.o)
    0x080115cc   0x080115cc   0x00000010   Code   RO         6230    i.rt_tsk_self       RTX_CM4.lib(rt_task.o)
    0x080115dc   0x080115dc   0x00000008   Code   RO         7317    i.set_u16           FS_Dbg_LFN_CM3_L.lib(fs_common.o)
    0x080115e4   0x080115e4   0x00000010   Code   RO         7318    i.set_u32           FS_Dbg_LFN_CM3_L.lib(fs_common.o)
    0x080115f4   0x080115f4   0x00000048   Code   RO         7434    i.sfn_extract       FS_Dbg_LFN_CM3_L.lib(fs_fat.o)
    0x0801163c   0x0801163c   0x0000001a   Code   RO         7435    i.short_ent_hash    FS_Dbg_LFN_CM3_L.lib(fs_fat.o)
    0x08011656   0x08011656   0x00000002   PAD
    0x08011658   0x08011658   0x00000070   Code   RO           18    i.show7segment      main.o
    0x080116c8   0x080116c8   0x0000001e   Code   RO         7436    i.sn_chksum         FS_Dbg_LFN_CM3_L.lib(fs_fat.o)
    0x080116e6   0x080116e6   0x0000000c   Code   RO         4977    i.stdout_putchar    retarget_io.o
    0x080116f2   0x080116f2   0x00000012   Code   RO         5656    i.svcDelay          RTX_CM4.lib(rt_cmsis.o)
    0x08011704   0x08011704   0x00000070   Code   RO         5657    i.svcKernelInitialize  RTX_CM4.lib(rt_cmsis.o)
    0x08011774   0x08011774   0x00000048   Code   RO         5659    i.svcKernelStart    RTX_CM4.lib(rt_cmsis.o)
    0x080117bc   0x080117bc   0x00000038   Code   RO         5660    i.svcKernelSysTick  RTX_CM4.lib(rt_cmsis.o)
    0x080117f4   0x080117f4   0x00000024   Code   RO         5662    i.svcMessageCreate  RTX_CM4.lib(rt_cmsis.o)
    0x08011818   0x08011818   0x0000003a   Code   RO         5663    i.svcMessageGet     RTX_CM4.lib(rt_cmsis.o)
    0x08011852   0x08011852   0x0000001c   Code   RO         5665    i.svcMutexCreate    RTX_CM4.lib(rt_cmsis.o)
    0x0801186e   0x0801186e   0x00000022   Code   RO         5667    i.svcMutexRelease   RTX_CM4.lib(rt_cmsis.o)
    0x08011890   0x08011890   0x0000003a   Code   RO         5668    i.svcMutexWait      RTX_CM4.lib(rt_cmsis.o)
    0x080118ca   0x080118ca   0x00000024   Code   RO         5670    i.svcSemaphoreCreate  RTX_CM4.lib(rt_cmsis.o)
    0x080118ee   0x080118ee   0x0000001a   Code   RO         5671    i.svcSemaphoreDelete  RTX_CM4.lib(rt_cmsis.o)
    0x08011908   0x08011908   0x00000028   Code   RO         5672    i.svcSemaphoreRelease  RTX_CM4.lib(rt_cmsis.o)
    0x08011930   0x08011930   0x00000032   Code   RO         5673    i.svcSemaphoreWait  RTX_CM4.lib(rt_cmsis.o)
    0x08011962   0x08011962   0x00000024   Code   RO         5674    i.svcSignalClear    RTX_CM4.lib(rt_cmsis.o)
    0x08011986   0x08011986   0x00000024   Code   RO         5675    i.svcSignalSet      RTX_CM4.lib(rt_cmsis.o)
    0x080119aa   0x080119aa   0x00000002   PAD
    0x080119ac   0x080119ac   0x00000054   Code   RO         5676    i.svcSignalWait     RTX_CM4.lib(rt_cmsis.o)
    0x08011a00   0x08011a00   0x0000006c   Code   RO         5677    i.svcThreadCreate   RTX_CM4.lib(rt_cmsis.o)
    0x08011a6c   0x08011a6c   0x0000001c   Code   RO         5678    i.svcThreadGetId    RTX_CM4.lib(rt_cmsis.o)
    0x08011a88   0x08011a88   0x00000038   Code   RO         5681    i.svcThreadTerminate  RTX_CM4.lib(rt_cmsis.o)
    0x08011ac0   0x08011ac0   0x0000000a   Code   RO         5682    i.svcThreadYield    RTX_CM4.lib(rt_cmsis.o)
    0x08011aca   0x08011aca   0x00000018   Code   RO         5683    i.svcTimerCall      RTX_CM4.lib(rt_cmsis.o)
    0x08011ae2   0x08011ae2   0x00000002   PAD
    0x08011ae4   0x08011ae4   0x00000038   Code   RO         5684    i.svcTimerCreate    RTX_CM4.lib(rt_cmsis.o)
    0x08011b1c   0x08011b1c   0x00000064   Code   RO         5686    i.svcTimerStart     RTX_CM4.lib(rt_cmsis.o)
    0x08011b80   0x08011b80   0x0000005c   Code   RO         5692    i.sysTimerTick      RTX_CM4.lib(rt_cmsis.o)
    0x08011bdc   0x08011bdc   0x0000004c   Code   RO         6812    i.sys_proc_tick     Net4_CM3_L.lib(net_sys.o)
    0x08011c28   0x08011c28   0x00000094   Code   RO         6682    i.tcp_map_socket    Net4_CM3_L.lib(net_tcp.o)
    0x08011cbc   0x08011cbc   0x0000005e   Code   RO         6683    i.tcp_parse_opt     Net4_CM3_L.lib(net_tcp.o)
    0x08011d1a   0x08011d1a   0x00000002   PAD
    0x08011d1c   0x08011d1c   0x000000c4   Code   RO         6684    i.tcp_proc_acknr    Net4_CM3_L.lib(net_tcp.o)
    0x08011de0   0x08011de0   0x00000052   Code   RO         6685    i.tcp_proc_dupack   Net4_CM3_L.lib(net_tcp.o)
    0x08011e32   0x08011e32   0x0000001a   Code   RO         6686    i.tcp_que_free      Net4_CM3_L.lib(net_tcp.o)
    0x08011e4c   0x08011e4c   0x0000001a   Code   RO         6687    i.tcp_que_init      Net4_CM3_L.lib(net_tcp.o)
    0x08011e66   0x08011e66   0x00000002   PAD
    0x08011e68   0x08011e68   0x00000094   Code   RO         6688    i.tcp_que_resend    Net4_CM3_L.lib(net_tcp.o)
    0x08011efc   0x08011efc   0x00000076   Code   RO         6689    i.tcp_send_ctrl     Net4_CM3_L.lib(net_tcp.o)
    0x08011f72   0x08011f72   0x0000005c   Code   RO         6690    i.tcp_send_data     Net4_CM3_L.lib(net_tcp.o)
    0x08011fce   0x08011fce   0x0000006a   Code   RO         6691    i.tcp_send_reset    Net4_CM3_L.lib(net_tcp.o)
    0x08012038   0x08012038   0x00000026   Code   RO         6692    i.tcp_set_cwnd      Net4_CM3_L.lib(net_tcp.o)
    0x0801205e   0x0801205e   0x00000002   PAD
    0x08012060   0x08012060   0x00000068   Code   RO         6693    i.tcp_transit       Net4_CM3_L.lib(net_tcp.o)
    0x080120c8   0x080120c8   0x000000b4   Code   RO         6694    i.tcp_write         Net4_CM3_L.lib(net_tcp.o)
    0x0801217c   0x0801217c   0x00000058   Code   RO           19    i.test_send_udp_data  main.o
    0x080121d4   0x080121d4   0x00000110   Code   RO           20    i.toggle_led1       main.o
    0x080122e4   0x080122e4   0x00000358   Code   RO           21    i.toggle_led2       main.o
    0x0801263c   0x0801263c   0x00000008   Code   RO           22    i.udp_cb_func       main.o
    0x08012644   0x08012644   0x0000002c   Code   RO         6608    i.udp_port_in_use   Net4_CM3_L.lib(net_udp.o)
    0x08012670   0x08012670   0x00000068   Code   RO         7438    i.unlink_clus       FS_Dbg_LFN_CM3_L.lib(fs_fat.o)
    0x080126d8   0x080126d8   0x000000bc   Code   RO         7439    i.write_cache       FS_Dbg_LFN_CM3_L.lib(fs_fat.o)
    0x08012794   0x08012794   0x0000003c   Code   RO         7440    i.write_sector      FS_Dbg_LFN_CM3_L.lib(fs_fat.o)
    0x080127d0   0x080127d0   0x0000002c   Code   RO         8153    locale$$code        c_w.l(lc_ctype_c.o)
    0x080127fc   0x080127fc   0x0000000a   Code   RO         8119    x$fpl$fpinit        fz_wm.l(fpinit.o)
    0x08012806   0x08012806   0x00000002   PAD
    0x08012808   0x08012808   0x0000006c   Data   RO           24    .constdata          main.o
    0x08012874   0x08012874   0x00000008   Data   RO         3340    .constdata          stm32f4xx_hal_dma_1.o
    0x0801287c   0x0801287c   0x00000018   Data   RO         4005    .constdata          system_stm32f4xx_1.o
    0x08012894   0x08012894   0x00000068   Data   RO         4443    .constdata          rtx_conf_cm.o
    0x080128fc   0x080128fc   0x00000024   Data   RO         4502    .constdata          phy_lan8720.o
    0x08012920   0x08012920   0x00000094   Data   RO         4582    .constdata          emac_stm32f4xx.o
    0x080129b4   0x080129b4   0x0000009c   Data   RO         4737    .constdata          mci_stm32f4xx.o
    0x08012a50   0x08012a50   0x00000018   Data   RO         4858    .constdata          eventrecorder.o
    0x08012a68   0x08012a68   0x00000017   Data   RO         4978    .constdata          retarget_io.o
    0x08012a7f   0x08012a7f   0x00000001   PAD
    0x08012a80   0x08012a80   0x00000028   Data   RO         5114    .constdata          fs_config.o
    0x08012aa8   0x08012aa8   0x00000148   Data   RO         5415    .constdata          net_config.o
    0x08012bf0   0x08012bf0   0x00000010   Data   RO         6430    .constdata          FS_Dbg_LFN_CM3_L.lib(fs_mc_mci.o)
    0x08012c00   0x08012c00   0x00000006   Data   RO         6521    .constdata          Net4_CM3_L.lib(net_eth.o)
    0x08012c06   0x08012c06   0x00000008   Data   RO         6763    .constdata          Net4_CM3_L.lib(net_nbns_client.o)
    0x08012c0e   0x08012c0e   0x00000012   Data   RO         6781    .constdata          Net4_CM3_L.lib(net_ping_core.o)
    0x08012c20   0x08012c20   0x000004ac   Data   RO         7441    .constdata          FS_Dbg_LFN_CM3_L.lib(fs_fat.o)
    0x080130cc   0x080130cc   0x00000008   Data   RO         7632    .constdata          Net4_CM3_L.lib(net_ip4.o)
    0x080130d4   0x080130d4   0x00000010   Data   RO         7729    .constdata          Net4_CM3_L.lib(net_addr.o)
    0x080130e4   0x080130e4   0x00000011   Data   RO         7893    .constdata          c_w.l(__printf_flags_wp.o)
    0x080130f5   0x080130f5   0x00000003   PAD
    0x080130f8   0x080130f8   0x0000005e   Data   RO         5416    .conststring        net_config.o
    0x08013156   0x08013156   0x00000002   PAD
    0x08013158   0x08013158   0x00000020   Data   RO         8237    Region$$Table       anon$$obj.o
    0x08013178   0x08013178   0x00000110   Data   RO         8152    locale$$data        c_w.l(lc_ctype_c.o)


    Execution Region RW_IRAM1 (Exec base: 0x20000000, Load base: 0x08013288, Size: 0x0001dda8, Max: 0x00020000, ABSOLUTE)

    Exec Addr    Load Addr    Size         Type   Attr      Idx    E Section Name        Object

    0x20000000   0x08013288   0x00000046   Data   RW           25    .data               main.o
    0x20000046   0x080132ce   0x00000002   PAD
    0x20000048   0x080132d0   0x00000008   Data   RW          294    .data               crc.o
    0x20000050   0x080132d8   0x00000009   Data   RW         3772    .data               stm32f4xx_hal_1.o
    0x20000059   0x080132e1   0x00000003   PAD
    0x2000005c   0x080132e4   0x00000004   Data   RW         4006    .data               system_stm32f4xx_1.o
    0x20000060   0x080132e8   0x00000001   Data   RW         4192    .data               usbd_ctlreq.o
    0x20000061   0x080132e9   0x00000003   PAD
    0x20000064   0x080132ec   0x00000018   Data   RW         4444    .data               rtx_conf_cm.o
    0x2000007c   0x08013304   0x00000004   Data   RW         5115    .data               fs_config.o
    0x20000080   0x08013308   0x0000000e   Data   RW         5417    .data               net_config.o
    0x2000008e   0x08013316   0x00000002   PAD
    0x20000090   0x08013318   0x00000008   Data   RW         5695    .data               RTX_CM4.lib(rt_cmsis.o)
    0x20000098   0x08013320   0x00000008   Data   RW         6232    .data               RTX_CM4.lib(rt_task.o)
    0x200000a0   0x08013328   0x00000001   Data   RW         6361    .data               FS_Dbg_LFN_CM3_L.lib(fs_mapi.o)
    0x200000a1   0x08013329   0x00000003   PAD
    0x200000a4   0x0801332c   0x00000008   Data   RW         6554    .data               Net4_CM3_L.lib(net_loopback.o)
    0x200000ac   0x08013334   0x00000004   Data   RW         6572    .data               Net4_CM3_L.lib(net_ip4_frag.o)
    0x200000b0   0x08013338   0x0000000a   Data   RW         6609    .data               Net4_CM3_L.lib(net_udp.o)
    0x200000ba   0x08013342   0x00000004   Data   RW         6697    .data               Net4_CM3_L.lib(net_tcp.o)
    0x200000be   0x08013346   0x00000001   Data   RW         6764    .data               Net4_CM3_L.lib(net_nbns_client.o)
    0x200000bf   0x08013347   0x00000001   PAD
    0x200000c0   0x08013348   0x0000000c   Data   RW         6814    .data               Net4_CM3_L.lib(net_sys.o)
    0x200000cc   0x08013354   0x00000008   Data   RW         6853    .data               RTX_CM4.lib(rt_system.o)
    0x200000d4   0x0801335c   0x00000004   Data   RW         7143    .data               RTX_CM4.lib(rt_time.o)
    0x200000d8   0x08013360   0x00000008   Data   RW         7174    .data               RTX_CM4.lib(rt_robin.o)
    0x200000e0   0x08013368   0x00000001   Data   RW         7254    .data               RTX_CM4.lib(hal_cm.o)
    0x200000e1   0x08013369   0x00000001   Data   RW         7319    .data               FS_Dbg_LFN_CM3_L.lib(fs_common.o)
    0x200000e2   0x0801336a   0x00000002   Data   RW         7586    .data               Net4_CM3_L.lib(net_arp.o)
    0x200000e4   0x0801336c   0x00000008   Data   RW         7633    .data               Net4_CM3_L.lib(net_ip4.o)
    0x200000ec   0x08013374   0x00000004   Data   RW         7998    .data               c_w.l(streamlock.o)
    0x200000f0   0x08013378   0x00000004   Data   RW         8002    .data               c_w.l(stdio_streams.o)
    0x200000f4   0x0801337c   0x00000004   Data   RW         8003    .data               c_w.l(stdio_streams.o)
    0x200000f8   0x08013380   0x00000004   Data   RW         8004    .data               c_w.l(stdio_streams.o)
    0x200000fc        -       0x00000028   Zero   RW           23    .bss                main.o
    0x20000124        -       0x0000000c   Zero   RW          358    .bss                iwdg.o
    0x20000130        -       0x00000020   Zero   RW          390    .bss                rtc.o
    0x20000150        -       0x000000b0   Zero   RW          433    .bss                spi.o
    0x20000200        -       0x00000200   Zero   RW          481    .bss                usart.o
    0x20000400        -       0x00000408   Zero   RW          526    .bss                usb_otg_hs.o
    0x20000808        -       0x00000408   Zero   RW          937    .bss                usbd_conf.o
    0x20000c10        -       0x00009ce4   Zero   RW         4442    .bss                rtx_conf_cm.o
    0x2000a8f4        -       0x0000000c   Zero   RW         4501    .bss                phy_lan8720.o
    0x2000a900        -       0x000024cc   Zero   RW         4581    .bss                emac_stm32f4xx.o
    0x2000cdcc        -       0x000000e0   Zero   RW         4736    .bss                mci_stm32f4xx.o
    0x2000ceac        -       0x00001564   Zero   RW         5113    .bss                fs_config.o
    0x2000e410        -       0x00003224   Zero   RW         5414    .bss                net_config.o
    0x20011634        -       0x00000034   Zero   RW         6231    .bss                RTX_CM4.lib(rt_task.o)
    0x20011668        -       0x00000094   Zero   RW         6520    .bss                Net4_CM3_L.lib(net_eth.o)
    0x200116fc        -       0x0000001c   Zero   RW         6780    .bss                Net4_CM3_L.lib(net_ping_core.o)
    0x20011718        -       0x00000030   Zero   RW         6813    .bss                Net4_CM3_L.lib(net_sys.o)
    0x20011748        -       0x00000030   Zero   RW         6983    .bss                RTX_CM4.lib(rt_list.o)
    0x20011778        -       0x00000010   Zero   RW         7585    .bss                Net4_CM3_L.lib(net_arp.o)
    0x20011788        -       0x00000014   Zero   RW         7673    .bss                Net4_CM3_L.lib(net_mem.o)
    0x2001179c        -       0x00000060   Zero   RW         7779    .bss                c_w.l(libspace.o)
    0x200117fc        -       0x00000054   Zero   RW         7999    .bss                c_w.l(stdio_streams.o)
    0x20011850        -       0x00000054   Zero   RW         8000    .bss                c_w.l(stdio_streams.o)
    0x200118a4        -       0x00000054   Zero   RW         8001    .bss                c_w.l(stdio_streams.o)
    0x200118f8   0x08013384   0x00000008   PAD
    0x20011900        -       0x000004a4   Zero   RW         4857    .bss.noinit         eventrecorder.o
    0x20011da4   0x08013384   0x00000004   PAD
    0x20011da8        -       0x00004000   Zero   RW            2    HEAP                startup_stm32f407xx.o
    0x20015da8        -       0x00008000   Zero   RW            1    STACK               startup_stm32f407xx.o


==============================================================================

Image component sizes


      Code (inc. data)   RO Data    RW Data    ZI Data      Debug   Object Name

        84         18          0          8          0       1503   crc.o
       104          4          0          0          0        794   dma.o
      3316        302        148          0       9420      55454   emac_stm32f4xx.o
       926         34         24          0       1188      16413   eventrecorder.o
       324         70         40          4       5476      29032   fs_config.o
       508         30          0          0          0       1235   gpio.o
         0          0          0          0         12        204   iwdg.o
      2494        328        108         70         40     720049   main.o
      3448        242        156          0        224      22652   mci_stm32f4xx.o
       172         22        422         14      12836      32232   net_config.o
       616         42         36          0         12       9906   phy_lan8720.o
       416         30         23          0          0      10550   retarget_io.o
       236         18          0          0         32       1687   rtc.o
       230         54        104         24      40164      10712   rtx_conf_cm.o
       544         44          0          0        176       2478   spi.o
        64         26        392          0      49152        848   startup_stm32f407xx.o
       148         24          0          9          0       8263   stm32f4xx_hal_1.o
       408         34          0          0          0      35964   stm32f4xx_hal_cortex_1.o
        32          0          0          0          0       1043   stm32f4xx_hal_crc.o
      1546         16          8          0          0       7823   stm32f4xx_hal_dma_1.o
       914         86          0          0          0       4510   stm32f4xx_hal_gpio_1.o
        14          0          0          0          0       1007   stm32f4xx_hal_iwdg.o
        72          4          0          0          0        862   stm32f4xx_hal_msp.o
      2682         18          0          0          0       9815   stm32f4xx_hal_pcd.o
         2          0          0          0          0        989   stm32f4xx_hal_pcd_ex.o
      1800         84          0          0          0       5640   stm32f4xx_hal_rcc_1.o
       416         20          0          0          0       1416   stm32f4xx_hal_rcc_ex_1.o
      1746         36          0          0          0       9732   stm32f4xx_hal_rtc.o
         2          0          0          0          0        996   stm32f4xx_hal_rtc_ex.o
      1186         30          0          0          0       7958   stm32f4xx_hal_spi.o
      1814         12          0          0          0       7943   stm32f4xx_hal_uart.o
       212         72          0          0          0       8885   stm32f4xx_it.o
      2584         64          0          0          0      14929   stm32f4xx_ll_usb.o
        28          4         24          4          0       1163   system_stm32f4xx_1.o
       656         60          0          0        512       2739   usart.o
         0          0          0          0          0       4556   usb_device.o
         0          0          0          0       1032        230   usb_otg_hs.o
       632          6          0          0       1032      13169   usbd_conf.o
       806          0          0          0          0      10939   usbd_core.o
      1842         28          0          1          0       9719   usbd_ctlreq.o
       134          0          0          0          0       3984   usbd_ioreq.o

    ----------------------------------------------------------------------
     33194       1862       1520        144     121312    1090023   Object Totals
         0          0         32          0          0          0   (incl. Generated)
        36          0          3         10          4          0   (incl. Padding)

    ----------------------------------------------------------------------

      Code (inc. data)   RO Data    RW Data    ZI Data      Debug   Library Member Name

       298         24          0          1          0        424   fs_common.o
      8964        198       1196          0          0       5164   fs_fat.o
       352         52          0          1          0        252   fs_mapi.o
      5622        106         16          0          0       2952   fs_mc_mci.o
       680         66          0          0          0        412   fs_sys.o
        26          0          0          0          0         68   fs_time.o
       288         34         16          0          0        364   net_addr.o
      2218        180          0          2         16       1444   net_arp.o
        96          6          0          0          0        224   net_common.o
      2170        174          6          0        148       1568   net_eth.o
       372         26          0          0          0        164   net_icmp.o
      1148         98          8          8          0        968   net_ip4.o
       706         36          0          4          0        544   net_ip4_frag.o
       224         30          0          8          0        300   net_loopback.o
       396         40          0          0         20        464   net_mem.o
       408         28          8          1          0        244   net_nbns_client.o
       108         22         18          0         28        280   net_ping_core.o
       396         66          0         12         48        628   net_sys.o
      3318         94          0          4          0       1488   net_tcp.o
       894         46          0         10          0        944   net_udp.o
       268         24          0          1          0       4524   hal_cm.o
       408         34          0          0          0        824   hal_cm4.o
      2358        262          0          8          0      57901   rt_cmsis.o
       300         24          0          0          0       3423   rt_event.o
       566         44          0          0         48       9272   rt_list.o
       554         10          0          0          0       4237   rt_mailbox.o
       140          0          0          0          0       2069   rt_membox.o
       128          0          0          0          0       2451   rt_memory.o
       352         14          0          0          0       2249   rt_mutex.o
        96         22          0          8          0       1254   rt_robin.o
       278         18          0          0          0       3822   rt_semaphore.o
       334         64          0          8          0       7475   rt_system.o
      1264        184          0          8         52      10675   rt_task.o
         6          0          0          4          0        700   rt_time.o
         4          4          0          0          0        208   svc_table.o
        60          8          0          0          0         84   __0sscanf.o
        20          0          0          0          0         84   __2fprintf.o
         8          0          0          0          0         68   __main.o
       312          4         17          0          0         92   __printf_flags_wp.o
        14          0          0          0          0         68   __printf_wp.o
         0          0          0          0          0          0   __rtentry.o
        20          0          0          0          0          0   __rtentry2.o
         6          0          0          0          0          0   __rtentry4.o
        52          8          0          0          0          0   __scatter.o
        26          0          0          0          0          0   __scatter_copy.o
        28          0          0          0          0          0   __scatter_zi.o
        28          0          0          0          0         68   _chval.o
        48          6          0          0          0         96   _printf_char_common.o
        64          6          0          0          0         84   _printf_char_file_locked.o
         6          0          0          0          0          0   _printf_d.o
       120         16          0          0          0         92   _printf_dec.o
       178          0          0          0          0         88   _printf_intcommon.o
         0          0          0          0          0          0   _printf_percent.o
         4          0          0          0          0          0   _printf_percent_end.o
       884          6          0          0          0        100   _scanf.o
       332          0          0          0          0         96   _scanf_int.o
        64          0          0          0          0         84   _sgetc.o
        10          0          0          0          0         68   defsig_exit.o
        50          0          0          0          0         88   defsig_general.o
        80         58          0          0          0         76   defsig_rtmem_inner.o
        14          0          0          0          0         80   defsig_rtmem_outer.o
        52         38          0          0          0         76   defsig_rtred_inner.o
        14          0          0          0          0         80   defsig_rtred_outer.o
        18          0          0          0          0         80   exit.o
        76          0          0          0          0         88   fclose.o
        52          6          0          0          0         80   fclose_locked.o
       470          0          0          0          0         88   flsbuf.o
       324          8          0          0          0        152   fopen_locked.o
        26          0          0          0          0         68   fputc.o
       248          6          0          0          0         84   fseek.o
        66          0          0          0          0         76   ftell.o
       158          0          0          0          0        128   h1_alloc_mt.o
        62          0          0          0          0         80   h1_extend_mt.o
       118          0          0          0          0        108   h1_free_mt.o
        18          0          0          0          0         84   h1_init_mt.o
         6          0          0          0          0        152   heapauxi.o
         4          0          0          0          0        136   hguard.o
         0          0          0          0          0          0   indicate_semi.o
       138          0          0          0          0        168   init_alloc.o
       456         48          0          0          0        116   initio_locked.o
        18          0          0          0          0         76   isspace.o
        44         10        272          0          0         76   lc_ctype_c.o
         2          0          0          0          0          0   libinit.o
        36          0          0          0          0          0   libinit2.o
         2          0          0          0          0          0   libshutdown.o
         6          0          0          0          0          0   libshutdown2.o
         8          4          0          0         96         68   libspace.o
       238          0          0          0          0        100   lludivv7m.o
         0          0          0          0          0          0   maybetermalloc1.o
        88          0          0          0          0         76   memcmp.o
        16          4          0          0          0         76   rt_ctype_table.o
         4          0          0          0          0         68   rt_errno_addr_twolibspace.o
        10          0          0          0          0         76   rt_heap_descriptor_twolibspace.o
        10          0          0          0          0         76   rt_locale_twolibspace.o
        68          0          0          0          0         68   rt_memclr.o
        78          0          0          0          0         80   rt_memclr_w.o
       138          0          0          0          0         68   rt_memcpy_v6.o
       100          0          0          0          0         80   rt_memcpy_w.o
         2          0          0          0          0          0   rtexit.o
        10          0          0          0          0          0   rtexit2.o
        44          8          0          0          0         84   scanf_char.o
       104          0          0          0          0         88   setvbuf_locked.o
       240          6          0          0          0        156   stdio.o
         0          0          0         12        252          0   stdio_streams.o
       128          0          0          0          0         68   strcmpv7m.o
         0          0          0          4          0          0   streamlock.o
        62          0          0          0          0         76   strlen.o
        50          0          0          0          0         84   strncasecmp.o
        12          4          0          0          0         68   sys_exit.o
        74          0          0          0          0         80   sys_stackheap_outer.o
        14          0          0          0          0         76   sys_wrch.o
        26          0          0          0          0         76   tolower.o
         2          0          0          0          0         68   use_no_semi.o
        10          0          0          0          0        116   fpinit.o

    ----------------------------------------------------------------------
     42198       2284       1560        108        716     135268   Library Totals
        80          0          3          4          8          0   (incl. Padding)

    ----------------------------------------------------------------------

      Code (inc. data)   RO Data    RW Data    ZI Data      Debug   Library Name

     15942        446       1212          2          0       9272   FS_Dbg_LFN_CM3_L.lib
     12742        880         56         49        260       9624   Net4_CM3_L.lib
      7056        704          0         37        100     111084   RTX_CM4.lib
      6368        254        289         16        348       5172   c_w.l
        10          0          0          0          0        116   fz_wm.l

    ----------------------------------------------------------------------
     42198       2284       1560        108        716     135268   Library Totals

    ----------------------------------------------------------------------

==============================================================================


      Code (inc. data)   RO Data    RW Data    ZI Data      Debug   

     75392       4146       3080        252     122028    1167711   Grand Totals
     75392       4146       3080        252     122028    1167711   ELF Image Totals
     75392       4146       3080        252          0          0   ROM Totals

==============================================================================

    Total RO  Size (Code + RO Data)                78472 (  76.63kB)
    Total RW  Size (RW Data + ZI Data)            122280 ( 119.41kB)
    Total ROM Size (Code + RO Data + RW Data)      78724 (  76.88kB)

==============================================================================

